Archive member included to satisfy reference by file (symbol)

/home/ryofac/.pico-sdk/toolchain/14_2_Rel1/bin/../lib/gcc/arm-none-eabi/14.2.1/thumb/v6-m/nofp/libgcc.a(_dvmd_tls.o)
                              CMakeFiles/tosks.dir/home/ryofac/.pico-sdk/sdk/2.1.1/src/rp2_common/pico_divider/divider_hardware.S.o (__aeabi_idiv0)
/home/ryofac/.pico-sdk/toolchain/14_2_Rel1/bin/../lib/gcc/arm-none-eabi/14.2.1/../../../../arm-none-eabi/lib/thumb/v6-m/nofp/libg.a(libc_a-atoi.o)
                              CMakeFiles/tosks.dir/home/ryofac/.pico-sdk/sdk/2.1.1/lib/lwip/src/core/netif.c.o (atoi)
/home/ryofac/.pico-sdk/toolchain/14_2_Rel1/bin/../lib/gcc/arm-none-eabi/14.2.1/../../../../arm-none-eabi/lib/thumb/v6-m/nofp/libg.a(libc_a-calloc.o)
                              CMakeFiles/tosks.dir/home/ryofac/.pico-sdk/sdk/2.1.1/src/rp2_common/pico_malloc/malloc.c.o (calloc)
/home/ryofac/.pico-sdk/toolchain/14_2_Rel1/bin/../lib/gcc/arm-none-eabi/14.2.1/../../../../arm-none-eabi/lib/thumb/v6-m/nofp/libg.a(libc_a-callocr.o)
                              /home/ryofac/.pico-sdk/toolchain/14_2_Rel1/bin/../lib/gcc/arm-none-eabi/14.2.1/../../../../arm-none-eabi/lib/thumb/v6-m/nofp/libg.a(libc_a-calloc.o) (_calloc_r)
/home/ryofac/.pico-sdk/toolchain/14_2_Rel1/bin/../lib/gcc/arm-none-eabi/14.2.1/../../../../arm-none-eabi/lib/thumb/v6-m/nofp/libg.a(libc_a-malloc.o)
                              CMakeFiles/tosks.dir/home/ryofac/.pico-sdk/sdk/2.1.1/src/rp2_common/pico_malloc/malloc.c.o (malloc)
/home/ryofac/.pico-sdk/toolchain/14_2_Rel1/bin/../lib/gcc/arm-none-eabi/14.2.1/../../../../arm-none-eabi/lib/thumb/v6-m/nofp/libg.a(libc_a-mallocr.o)
                              /home/ryofac/.pico-sdk/toolchain/14_2_Rel1/bin/../lib/gcc/arm-none-eabi/14.2.1/../../../../arm-none-eabi/lib/thumb/v6-m/nofp/libg.a(libc_a-callocr.o) (_malloc_r)
/home/ryofac/.pico-sdk/toolchain/14_2_Rel1/bin/../lib/gcc/arm-none-eabi/14.2.1/../../../../arm-none-eabi/lib/thumb/v6-m/nofp/libg.a(libc_a-mlock.o)
                              /home/ryofac/.pico-sdk/toolchain/14_2_Rel1/bin/../lib/gcc/arm-none-eabi/14.2.1/../../../../arm-none-eabi/lib/thumb/v6-m/nofp/libg.a(libc_a-mallocr.o) (__malloc_lock)
/home/ryofac/.pico-sdk/toolchain/14_2_Rel1/bin/../lib/gcc/arm-none-eabi/14.2.1/../../../../arm-none-eabi/lib/thumb/v6-m/nofp/libg.a(libc_a-realloc.o)
                              CMakeFiles/tosks.dir/home/ryofac/.pico-sdk/sdk/2.1.1/src/rp2_common/pico_malloc/malloc.c.o (realloc)
/home/ryofac/.pico-sdk/toolchain/14_2_Rel1/bin/../lib/gcc/arm-none-eabi/14.2.1/../../../../arm-none-eabi/lib/thumb/v6-m/nofp/libg.a(libc_a-reallocr.o)
                              /home/ryofac/.pico-sdk/toolchain/14_2_Rel1/bin/../lib/gcc/arm-none-eabi/14.2.1/../../../../arm-none-eabi/lib/thumb/v6-m/nofp/libg.a(libc_a-realloc.o) (_realloc_r)
/home/ryofac/.pico-sdk/toolchain/14_2_Rel1/bin/../lib/gcc/arm-none-eabi/14.2.1/../../../../arm-none-eabi/lib/thumb/v6-m/nofp/libg.a(libc_a-strtol.o)
                              /home/ryofac/.pico-sdk/toolchain/14_2_Rel1/bin/../lib/gcc/arm-none-eabi/14.2.1/../../../../arm-none-eabi/lib/thumb/v6-m/nofp/libg.a(libc_a-atoi.o) (_strtol_r)
/home/ryofac/.pico-sdk/toolchain/14_2_Rel1/bin/../lib/gcc/arm-none-eabi/14.2.1/../../../../arm-none-eabi/lib/thumb/v6-m/nofp/libg.a(libc_a-ctype_.o)
                              CMakeFiles/tosks.dir/home/ryofac/.pico-sdk/sdk/2.1.1/lib/lwip/src/core/dns.c.o (_ctype_)
/home/ryofac/.pico-sdk/toolchain/14_2_Rel1/bin/../lib/gcc/arm-none-eabi/14.2.1/../../../../arm-none-eabi/lib/thumb/v6-m/nofp/libg.a(libc_a-memcmp.o)
                              CMakeFiles/tosks.dir/home/ryofac/.pico-sdk/sdk/2.1.1/src/rp2_common/pico_atomic/atomic.c.o (memcmp)
/home/ryofac/.pico-sdk/toolchain/14_2_Rel1/bin/../lib/gcc/arm-none-eabi/14.2.1/../../../../arm-none-eabi/lib/thumb/v6-m/nofp/libg.a(libc_a-memmove.o)
                              CMakeFiles/tosks.dir/home/ryofac/.pico-sdk/sdk/2.1.1/lib/lwip/src/core/def.c.o (memmove)
/home/ryofac/.pico-sdk/toolchain/14_2_Rel1/bin/../lib/gcc/arm-none-eabi/14.2.1/../../../../arm-none-eabi/lib/thumb/v6-m/nofp/libg.a(libc_a-strncmp.o)
                              CMakeFiles/tosks.dir/home/ryofac/.pico-sdk/sdk/2.1.1/lib/lwip/src/core/def.c.o (strncmp)
/home/ryofac/.pico-sdk/toolchain/14_2_Rel1/bin/../lib/gcc/arm-none-eabi/14.2.1/../../../../arm-none-eabi/lib/thumb/v6-m/nofp/libg.a(libc_a-lcltime_r.o)
                              CMakeFiles/tosks.dir/home/ryofac/.pico-sdk/sdk/2.1.1/src/common/pico_util/datetime.c.o (localtime_r)
/home/ryofac/.pico-sdk/toolchain/14_2_Rel1/bin/../lib/gcc/arm-none-eabi/14.2.1/../../../../arm-none-eabi/lib/thumb/v6-m/nofp/libg.a(libc_a-mktime.o)
                              CMakeFiles/tosks.dir/home/ryofac/.pico-sdk/sdk/2.1.1/src/common/pico_util/datetime.c.o (mktime)
/home/ryofac/.pico-sdk/toolchain/14_2_Rel1/bin/../lib/gcc/arm-none-eabi/14.2.1/../../../../arm-none-eabi/lib/thumb/v6-m/nofp/libg.a(libc_a-month_lengths.o)
[...]
Memory Configuration

Name             Origin             Length             Attributes
FLASH            0x10000000         0x00200000         xr
RAM              0x20000000         0x00040000         xrw
SCRATCH_X        0x20040000         0x00001000         xrw
SCRATCH_Y        0x20041000         0x00001000         xrw
*default*        0x00000000         0xffffffff

Linker script and memory map

LOAD /home/ryofac/.pico-sdk/toolchain/14_2_Rel1/bin/../lib/gcc/arm-none-eabi/14.2.1/thumb/v6-m/nofp/crti.o
LOAD /home/ryofac/.pico-sdk/toolchain/14_2_Rel1/bin/../lib/gcc/arm-none-eabi/14.2.1/thumb/v6-m/nofp/crtbegin.o
LOAD /home/ryofac/.pico-sdk/toolchain/14_2_Rel1/bin/../lib/gcc/arm-none-eabi/14.2.1/../../../../arm-none-eabi/lib/thumb/v6-m/nofp/crt0.o

.flash_begin    0x10000000        0x0
                0x10000000                        __flash_binary_start = .

.boot2          0x10000000      0x100
                0x10000000                        __boot2_start__ = .
 *(.boot2)
 .boot2         0x10000000      0x100 pico-sdk/src/rp2040/boot_stage2/CMakeFiles/bs2_default_library.dir/./bs2_default_padded_checksummed.S.o
                0x10000100                        __boot2_end__ = .
                0x00000001                        ASSERT (((__boot2_end__ - __boot2_start__) == 0x100), ERROR: Pico second stage bootloader must be 256 bytes in size)

.text           0x10000100     0x6bb8
                0x10000100                        __logical_binary_start = .
 *(.vectors)
 .vectors       0x10000100       0xd4 CMakeFiles/tosks.dir/home/ryofac/.pico-sdk/sdk/2.1.1/src/rp2_common/pico_crt0/crt0.S.o
                0x10000100                __vectors
                0x10000100                __VECTOR_TABLE
                0x100001c0                isr_invalid
                0x100001c0                __default_isrs_start
                0x100001c2                isr_nmi
                0x100001c4                isr_hardfault
                0x100001c6                isr_svcall
                0x100001c8                isr_pendsv
                0x100001ca                isr_systick
                0x100001cc                isr_irq30
                0x100001cc                __unhandled_user_irq
                0x100001cc                isr_irq13
                0x100001cc                isr_irq27
                0x100001cc                isr_irq31
                0x100001cc                isr_irq5
                0x100001cc                isr_irq11
                0x100001cc                isr_irq23
                0x100001cc                isr_irq18
                0x100001cc                isr_irq28
                0x100001cc                isr_irq19
                0x100001cc                isr_irq0
                0x100001cc                isr_irq6
                0x100001cc                isr_irq22
                0x100001cc                isr_irq17
                0x100001cc                isr_irq14
                0x100001cc                isr_irq2
                0x100001cc                isr_irq10
                0x100001cc                isr_irq8
                0x100001cc                isr_irq24
                0x100001cc                isr_irq1
                0x100001cc                isr_irq7
                0x100001cc                isr_irq21
                0x100001cc                isr_irq20
                0x100001cc                isr_irq15
                0x100001cc                isr_irq25
                0x100001cc                isr_irq4
                0x100001cc                isr_irq16
                0x100001cc                isr_irq29
                0x100001cc                isr_irq26
                0x100001cc                __default_isrs_end
                0x100001cc                isr_irq3
                0x100001cc                isr_irq12
                0x100001cc                isr_irq9
                0x100001d2                unhandled_user_irq_num_in_r0
 *(.binary_info_header)
 .binary_info_header
                0x100001d4       0x14 CMakeFiles/tosks.dir/home/ryofac/.pico-sdk/sdk/2.1.1/src/rp2_common/pico_crt0/crt0.S.o
                0x100001e8                        __binary_info_header_end = .
 *(.embedded_block)
                0x100001e8                        __embedded_block_end = .
 *(.reset)
 .reset         0x100001e8       0x9c CMakeFiles/tosks.dir/home/ryofac/.pico-sdk/sdk/2.1.1/src/rp2_common/pico_crt0/crt0.S.o
                0x100001e8                _entry_point
 *(.init)
 .init          0x10000284        0x4 /home/ryofac/.pico-sdk/toolchain/14_2_Rel1/bin/../lib/gcc/arm-none-eabi/14.2.1/thumb/v6-m/nofp/crti.o
                0x10000284                _init
 *(EXCLUDE_FILE(*libm.a: *libc.a:*lib_a-mem*.o *libgcc.a:) .text*)
 .text.register_tm_clones
                0x10000288       0x28 /home/ryofac/.pico-sdk/toolchain/14_2_Rel1/bin/../lib/gcc/arm-none-eabi/14.2.1/thumb/v6-m/nofp/crtbegin.o
 .text.frame_dummy
                0x100002b0       0x24 /home/ryofac/.pico-sdk/toolchain/14_2_Rel1/bin/../lib/gcc/arm-none-eabi/14.2.1/thumb/v6-m/nofp/crtbegin.o
 .text.vButtonStateTask
                0x100002d4       0x4c CMakeFiles/tosks.dir/tosks.c.o
                0x100002d4                vButtonStateTask
 .text.vPressRegisterTask
                0x10000320       0x58 CMakeFiles/tosks.dir/tosks.c.o
                0x10000320                vPressRegisterTask
 .text.setup    0x10000378       0x28 CMakeFiles/tosks.dir/tosks.c.o
                0x10000378                setup
 .text.startup.main
                0x100003a0       0x88 CMakeFiles/tosks.dir/tosks.c.o
                0x100003a0                main
 .text.ssd1306_draw_char_with_font.part.0
                0x10000428      0x164 CMakeFiles/tosks.dir/lib/pico-ssd1306/ssd1306.c.o
 .text.ssd1306_init
                0x1000058c      0x144 CMakeFiles/tosks.dir/lib/pico-ssd1306/ssd1306.c.o
                0x1000058c                ssd1306_init
 .text.ssd1306_clear
                0x100006d0       0x10 CMakeFiles/tosks.dir/lib/pico-ssd1306/ssd1306.c.o
                0x100006d0                ssd1306_clear
 .text.ssd1306_draw_square
                0x100006e0       0x70 CMakeFiles/tosks.dir/lib/pico-ssd1306/ssd1306.c.o
                0x100006e0                ssd1306_draw_square
 .text.ssd1306_draw_string
                0x10000750       0x68 CMakeFiles/tosks.dir/lib/pico-ssd1306/ssd1306.c.o
                0x10000750                ssd1306_draw_string
 .text.ssd1306_show
                0x100007b8       0xd0 CMakeFiles/tosks.dir/lib/pico-ssd1306/ssd1306.c.o
                0x100007b8                ssd1306_show
 .text.init_i2c
                0x10000888       0x38 CMakeFiles/tosks.dir/lib/doglab/doglab.c.o
                0x10000888                init_i2c
 .text.init_display
                0x100008c0       0x3c CMakeFiles/tosks.dir/lib/doglab/doglab.c.o
                0x100008c0                init_display
 .text.init_leds
                0x100008fc       0x34 CMakeFiles/tosks.dir/lib/doglab/doglab.c.o
                0x100008fc                init_leds
 .text.init_buttons
                0x10000930       0x24 CMakeFiles/tosks.dir/lib/doglab/doglab.c.o
                0x10000930                init_buttons
 .text.clear_display
                0x10000954       0x68 CMakeFiles/tosks.dir/modules/display/display.c.o
                0x10000954                clear_display
 .text.display_text
                0x100009bc       0xe4 CMakeFiles/tosks.dir/modules/display/display.c.o
                0x100009bc                display_text
 .text.gpio_set_function
                0x10000aa0       0x34 CMakeFiles/tosks.dir/home/ryofac/.pico-sdk/sdk/2.1.1/src/rp2_common/hardware_gpio/gpio.c.o
                0x10000aa0                gpio_set_function
 .text.gpio_set_pulls
                0x10000ad4       0x28 CMakeFiles/tosks.dir/home/ryofac/.pico-sdk/sdk/2.1.1/src/rp2_common/hardware_gpio/gpio.c.o
                0x10000ad4                gpio_set_pulls
 .text.gpio_init
                0x10000afc       0x40 CMakeFiles/tosks.dir/home/ryofac/.pico-sdk/sdk/2.1.1/src/rp2_common/hardware_gpio/gpio.c.o
                0x10000afc                gpio_init
 .text.panic    0x10000b3c       0x30 CMakeFiles/tosks.dir/home/ryofac/.pico-sdk/sdk/2.1.1/src/rp2_common/pico_platform_panic/panic.c.o
                0x10000b3c                panic
 .text.panic_unsupported
                0x10000b6c        0xc CMakeFiles/tosks.dir/home/ryofac/.pico-sdk/sdk/2.1.1/src/rp2_common/pico_platform_panic/panic.c.o
                0x10000b6c                panic_unsupported
 .text.hw_claim_or_assert
                0x10000b78       0x44 CMakeFiles/tosks.dir/home/ryofac/.pico-sdk/sdk/2.1.1/src/common/hardware_claim/claim.c.o
                0x10000b78                hw_claim_or_assert
 .text.next_striped_spin_lock_num
                0x10000bbc       0x18 CMakeFiles/tosks.dir/home/ryofac/.pico-sdk/sdk/2.1.1/src/rp2_common/hardware_sync/sync.c.o
                0x10000bbc                next_striped_spin_lock_num
 .text.spin_locks_reset
                0x10000bd4       0x1c CMakeFiles/tosks.dir/home/ryofac/.pico-sdk/sdk/2.1.1/src/rp2_common/hardware_sync_spin_lock/sync_spin_lock.c.o
                0x10000bd4                spin_locks_reset
 .text.runtime_init_per_core_irq_priorities
                0x10000bf0       0x24 CMakeFiles/tosks.dir/home/ryofac/.pico-sdk/sdk/2.1.1/src/rp2_common/hardware_irq/irq.c.o
                0x10000bf0                runtime_init_per_core_irq_priorities
 .text.irq_set_enabled
                0x10000c14       0x24 CMakeFiles/tosks.dir/home/ryofac/.pico-sdk/sdk/2.1.1/src/rp2_common/hardware_irq/irq.c.o
                0x10000c14                irq_set_enabled
 .text.irq_set_exclusive_handler
                0x10000c38       0x54 CMakeFiles/tosks.dir/home/ryofac/.pico-sdk/sdk/2.1.1/src/rp2_common/hardware_irq/irq.c.o
                0x10000c38                irq_set_exclusive_handler
 .text.lock_init
                0x10000c8c       0x10 CMakeFiles/tosks.dir/home/ryofac/.pico-sdk/sdk/2.1.1/src/common/pico_sync/lock_core.c.o
                0x10000c8c                lock_init
 .text.runtime_init_mutex
                0x10000c9c       0x54 CMakeFiles/tosks.dir/home/ryofac/.pico-sdk/sdk/2.1.1/src/common/pico_sync/mutex.c.o
                0x10000c9c                runtime_init_mutex
 .text.alarm_pool_irq_handler
                0x10000cf0      0x300 CMakeFiles/tosks.dir/home/ryofac/.pico-sdk/sdk/2.1.1/src/common/pico_time/time.c.o
 .text.sleep_until_callback
                0x10000ff0       0x24 CMakeFiles/tosks.dir/home/ryofac/.pico-sdk/sdk/2.1.1/src/common/pico_time/time.c.o
 .text.runtime_init_default_alarm_pool
                0x10001014       0xdc CMakeFiles/tosks.dir/home/ryofac/.pico-sdk/sdk/2.1.1/src/common/pico_time/time.c.o
                0x10001014                runtime_init_default_alarm_pool
 .text.alarm_pool_add_alarm_at_force_in_context
                0x100010f0       0xb0 CMakeFiles/tosks.dir/home/ryofac/.pico-sdk/sdk/2.1.1/src/common/pico_time/time.c.o
                0x100010f0                alarm_pool_add_alarm_at_force_in_context
 .text.alarm_pool_cancel_alarm
                0x100011a0       0x74 CMakeFiles/tosks.dir/home/ryofac/.pico-sdk/sdk/2.1.1/src/common/pico_time/time.c.o
                0x100011a0                alarm_pool_cancel_alarm
 .text.best_effort_wfe_or_timeout
                0x10001214      0x10c CMakeFiles/tosks.dir/home/ryofac/.pico-sdk/sdk/2.1.1/src/common/pico_time/time.c.o
                0x10001214                best_effort_wfe_or_timeout
 .text.timer_hardware_alarm_claim
                0x10001320       0x14 CMakeFiles/tosks.dir/home/ryofac/.pico-sdk/sdk/2.1.1/src/rp2_common/hardware_timer/timer.c.o
                0x10001320                timer_hardware_alarm_claim
 .text.timer_time_us_64
                0x10001334       0x10 CMakeFiles/tosks.dir/home/ryofac/.pico-sdk/sdk/2.1.1/src/rp2_common/hardware_timer/timer.c.o
                0x10001334                timer_time_us_64
 .text.time_us_64
                0x10001344       0x14 CMakeFiles/tosks.dir/home/ryofac/.pico-sdk/sdk/2.1.1/src/rp2_common/hardware_timer/timer.c.o
                0x10001344                time_us_64
 .text.clock_configure_int_divider
                0x10001358       0xf4 CMakeFiles/tosks.dir/home/ryofac/.pico-sdk/sdk/2.1.1/src/rp2_common/hardware_clocks/clocks.c.o
                0x10001358                clock_configure_int_divider
 .text.clock_configure_undivided
                0x1000144c       0xe8 CMakeFiles/tosks.dir/home/ryofac/.pico-sdk/sdk/2.1.1/src/rp2_common/hardware_clocks/clocks.c.o
                0x1000144c                clock_configure_undivided
 .text.clock_get_hz
                0x10001534        0xc CMakeFiles/tosks.dir/home/ryofac/.pico-sdk/sdk/2.1.1/src/rp2_common/hardware_clocks/clocks.c.o
                0x10001534                clock_get_hz
 .text.pll_init
                0x10001540       0xa4 CMakeFiles/tosks.dir/home/ryofac/.pico-sdk/sdk/2.1.1/src/rp2_common/hardware_pll/pll.c.o
                0x10001540                pll_init
 .text.tick_start
                0x100015e4       0x10 CMakeFiles/tosks.dir/home/ryofac/.pico-sdk/sdk/2.1.1/src/rp2_common/hardware_ticks/ticks.c.o
                0x100015e4                tick_start
 .text.rom_func_lookup
                0x100015f4       0x10 CMakeFiles/tosks.dir/home/ryofac/.pico-sdk/sdk/2.1.1/src/rp2_common/pico_bootrom/bootrom.c.o
                0x100015f4                rom_func_lookup
 .text.rom_data_lookup
                0x10001604       0x10 CMakeFiles/tosks.dir/home/ryofac/.pico-sdk/sdk/2.1.1/src/rp2_common/pico_bootrom/bootrom.c.o
                0x10001604                rom_data_lookup
 .text.rom_funcs_lookup
                0x10001614       0x44 CMakeFiles/tosks.dir/home/ryofac/.pico-sdk/sdk/2.1.1/src/rp2_common/pico_bootrom/bootrom.c.o
                0x10001614                rom_funcs_lookup
 .text.xosc_init
                0x10001658       0x28 CMakeFiles/tosks.dir/home/ryofac/.pico-sdk/sdk/2.1.1/src/rp2_common/hardware_xosc/xosc.c.o
                0x10001658                xosc_init
 .text.first_per_core_initializer
                0x10001680        0x4 CMakeFiles/tosks.dir/home/ryofac/.pico-sdk/sdk/2.1.1/src/rp2_common/pico_runtime/runtime.c.o
 .text.hard_assertion_failure
                0x10001684        0xc CMakeFiles/tosks.dir/home/ryofac/.pico-sdk/sdk/2.1.1/src/rp2_common/pico_runtime/runtime.c.o
                0x10001684                hard_assertion_failure
 .text.runtime_run_initializers
                0x10001690       0x28 CMakeFiles/tosks.dir/home/ryofac/.pico-sdk/sdk/2.1.1/src/rp2_common/pico_runtime/runtime.c.o
                0x10001690                runtime_run_initializers
 .text.runtime_init_early_resets
                0x100016b8       0x2c CMakeFiles/tosks.dir/home/ryofac/.pico-sdk/sdk/2.1.1/src/rp2_common/pico_runtime_init/runtime_init.c.o
                0x100016b8                runtime_init_early_resets
 .text.runtime_init_usb_power_down
                0x100016e4       0x1c CMakeFiles/tosks.dir/home/ryofac/.pico-sdk/sdk/2.1.1/src/rp2_common/pico_runtime_init/runtime_init.c.o
                0x100016e4                runtime_init_usb_power_down
 .text.runtime_init_post_clock_resets
                0x10001700       0x20 CMakeFiles/tosks.dir/home/ryofac/.pico-sdk/sdk/2.1.1/src/rp2_common/pico_runtime_init/runtime_init.c.o
                0x10001700                runtime_init_post_clock_resets
 .text.runtime_init_rp2040_gpio_ie_disable
                0x10001720       0x14 CMakeFiles/tosks.dir/home/ryofac/.pico-sdk/sdk/2.1.1/src/rp2_common/pico_runtime_init/runtime_init.c.o
                0x10001720                runtime_init_rp2040_gpio_ie_disable
 .text.runtime_init_spin_locks_reset
                0x10001734        0x8 CMakeFiles/tosks.dir/home/ryofac/.pico-sdk/sdk/2.1.1/src/rp2_common/pico_runtime_init/runtime_init.c.o
                0x10001734                runtime_init_spin_locks_reset
 .text.runtime_init_install_ram_vector_table
                0x1000173c       0x1c CMakeFiles/tosks.dir/home/ryofac/.pico-sdk/sdk/2.1.1/src/rp2_common/pico_runtime_init/runtime_init.c.o
                0x1000173c                runtime_init_install_ram_vector_table
 .text.runtime_init_clocks
                0x10001758       0xd8 CMakeFiles/tosks.dir/home/ryofac/.pico-sdk/sdk/2.1.1/src/rp2_common/pico_runtime_init/runtime_init_clocks.c.o
                0x10001758                runtime_init_clocks
 .text          0x10001830       0x10 CMakeFiles/tosks.dir/home/ryofac/.pico-sdk/sdk/2.1.1/src/rp2_common/pico_bit_ops/bit_ops_aeabi.S.o
 .text.__wrap___aeabi_idiv
                0x10001840       0x50 CMakeFiles/tosks.dir/home/ryofac/.pico-sdk/sdk/2.1.1/src/rp2_common/pico_divider/divider_hardware.S.o
                0x10001840                __wrap___aeabi_idivmod
                0x10001840                divmod_s32s32
                0x10001840                div_s32s32
                0x10001840                __wrap___aeabi_idiv
                0x10001848                divmod_s32s32_unsafe
                0x10001874                divmod_s32s32_savestate
 .text.__wrap___aeabi_uidiv
                0x10001890       0x4c CMakeFiles/tosks.dir/home/ryofac/.pico-sdk/sdk/2.1.1/src/rp2_common/pico_divider/divider_hardware.S.o
                0x10001890                __wrap___aeabi_uidiv
                0x10001890                __wrap___aeabi_uidivmod
                0x10001890                div_u32u32
                0x10001890                divmod_u32u32
                0x10001898                divmod_u32u32_unsafe
                0x100018c0                divmod_u32u32_savestate
 .text.__wrap___aeabi_ldiv
                0x100018dc      0x424 CMakeFiles/tosks.dir/home/ryofac/.pico-sdk/sdk/2.1.1/src/rp2_common/pico_divider/divider_hardware.S.o
                0x100018dc                div_s64s64
                0x100018dc                divmod_s64s64
                0x100018dc                __wrap___aeabi_ldivmod
                0x1000190c                div_u64u64
                0x1000190c                divmod_u64u64
                0x1000190c                __wrap___aeabi_uldivmod
                0x1000191c                divmod_u64u64_savestate
                0x1000193c                divmod_s64s64_unsafe
                0x100019c4                divmod_u64u64_unsafe
 .text.__wrap___aeabi_darithmetic
                0x10001d00       0x60 CMakeFiles/tosks.dir/home/ryofac/.pico-sdk/sdk/2.1.1/src/rp2_common/pico_double/double_aeabi_rp2040.S.o
                0x10001d00                __wrap___aeabi_drsub
                0x10001d06                __wrap___aeabi_dsub
                0x10001d10                __wrap___aeabi_dadd
                0x10001d1a                __wrap___aeabi_ddiv
                0x10001d4e                __wrap___aeabi_dmul
 .text.__wrap___aeabi_cdcmple
                0x10001d60       0x6c CMakeFiles/tosks.dir/home/ryofac/.pico-sdk/sdk/2.1.1/src/rp2_common/pico_double/double_aeabi_rp2040.S.o
                0x10001d60                __wrap___aeabi_cdrcmple
                0x10001d70                __wrap___aeabi_cdcmple
                0x10001d70                __wrap___aeabi_cdcmpeq
 .text.__wrap___aeabi_dcmplt
                0x10001dcc        0xc CMakeFiles/tosks.dir/home/ryofac/.pico-sdk/sdk/2.1.1/src/rp2_common/pico_double/double_aeabi_rp2040.S.o
                0x10001dcc                __wrap___aeabi_dcmplt
 .text.__wrap___aeabi_dcmple
                0x10001dd8       0x10 CMakeFiles/tosks.dir/home/ryofac/.pico-sdk/sdk/2.1.1/src/rp2_common/pico_double/double_aeabi_rp2040.S.o
                0x10001dd8                __wrap___aeabi_dcmple
 .text.__wrap___aeabi_dcmpge
                0x10001de8       0x10 CMakeFiles/tosks.dir/home/ryofac/.pico-sdk/sdk/2.1.1/src/rp2_common/pico_double/double_aeabi_rp2040.S.o
                0x10001de8                __wrap___aeabi_dcmpge
 .text.__wrap___aeabi_dcmpgt
                0x10001df8        0xa CMakeFiles/tosks.dir/home/ryofac/.pico-sdk/sdk/2.1.1/src/rp2_common/pico_double/double_aeabi_rp2040.S.o
                0x10001df8                __wrap___aeabi_dcmpgt
 .text.__wrap___aeabi_dcmpun
                0x10001e02       0x18 CMakeFiles/tosks.dir/home/ryofac/.pico-sdk/sdk/2.1.1/src/rp2_common/pico_double/double_aeabi_rp2040.S.o
                0x10001e02                __wrap___aeabi_dcmpun
 *fill*         0x10001e1a        0x2 
 .text.__wrap___aeabi_i2d
                0x10001e1c       0x38 CMakeFiles/tosks.dir/home/ryofac/.pico-sdk/sdk/2.1.1/src/rp2_common/pico_double/double_aeabi_rp2040.S.o
                0x10001e1c                __wrap___aeabi_ui2d
                0x10001e1c                uint2double
                0x10001e24                __wrap___aeabi_i2d
                0x10001e24                int2double
 .text.__wrap___aeabi_d2iz
                0x10001e54       0x48 CMakeFiles/tosks.dir/home/ryofac/.pico-sdk/sdk/2.1.1/src/rp2_common/pico_double/double_aeabi_rp2040.S.o
                0x10001e54                __wrap___aeabi_d2iz
                0x10001e54                double2int_z
 .text.__wrap___aeabi_d2uiz
                0x10001e9c       0x10 CMakeFiles/tosks.dir/home/ryofac/.pico-sdk/sdk/2.1.1/src/rp2_common/pico_double/double_aeabi_rp2040.S.o
                0x10001e9c                double2uint_z
                0x10001e9c                double2uint
                0x10001e9c                __wrap___aeabi_d2uiz
 .text.missing_double_func_shim
                0x10001eac        0xc CMakeFiles/tosks.dir/home/ryofac/.pico-sdk/sdk/2.1.1/src/rp2_common/pico_double/double_init_rom_rp2040.c.o
 .text.__aeabi_double_init
                0x10001eb8       0xa0 CMakeFiles/tosks.dir/home/ryofac/.pico-sdk/sdk/2.1.1/src/rp2_common/pico_double/double_init_rom_rp2040.c.o
                0x10001eb8                __aeabi_double_init
 .text.double_table_shim_on_use_helper
                0x10001f58       0x2c CMakeFiles/tosks.dir/home/ryofac/.pico-sdk/sdk/2.1.1/src/rp2_common/pico_double/double_v1_rom_shim_rp2040.S.o
                0x10001f58                double_table_shim_on_use_helper
 .text.missing_float_func_shim
                0x10001f84        0xc CMakeFiles/tosks.dir/home/ryofac/.pico-sdk/sdk/2.1.1/src/rp2_common/pico_float/float_init_rom_rp2040.c.o
 .text.__aeabi_float_init
                0x10001f90       0x5c CMakeFiles/tosks.dir/home/ryofac/.pico-sdk/sdk/2.1.1/src/rp2_common/pico_float/float_init_rom_rp2040.c.o
                0x10001f90                __aeabi_float_init
 .text.__wrap_malloc
                0x10001fec       0x3c CMakeFiles/tosks.dir/home/ryofac/.pico-sdk/sdk/2.1.1/src/rp2_common/pico_malloc/malloc.c.o
                0x10001fec                __wrap_malloc
 .text          0x10002028       0x10 CMakeFiles/tosks.dir/home/ryofac/.pico-sdk/sdk/2.1.1/src/rp2_common/pico_mem_ops/mem_ops_aeabi.S.o
                0x10002028                __aeabi_mem_init
 .text.memset   0x10002038        0xc CMakeFiles/tosks.dir/home/ryofac/.pico-sdk/sdk/2.1.1/src/rp2_common/pico_mem_ops/mem_ops_aeabi.S.o
                0x10002038                __wrap_memset
 .text.memcpy   0x10002044        0xc CMakeFiles/tosks.dir/home/ryofac/.pico-sdk/sdk/2.1.1/src/rp2_common/pico_mem_ops/mem_ops_aeabi.S.o
                0x10002044                __wrap___aeabi_memcpy
                0x10002044                __wrap_memcpy
 .text._out_null
                0x10002050        0x4 CMakeFiles/tosks.dir/home/ryofac/.pico-sdk/sdk/2.1.1/src/rp2_common/pico_printf/printf.c.o
 .text._out_rev
                0x10002054       0xac CMakeFiles/tosks.dir/home/ryofac/.pico-sdk/sdk/2.1.1/src/rp2_common/pico_printf/printf.c.o
 .text._ntoa_format
                0x10002100      0x1cc CMakeFiles/tosks.dir/home/ryofac/.pico-sdk/sdk/2.1.1/src/rp2_common/pico_printf/printf.c.o
 .text._out_char
                0x100022cc       0x10 CMakeFiles/tosks.dir/home/ryofac/.pico-sdk/sdk/2.1.1/src/rp2_common/pico_printf/printf.c.o
 .text._out_fct
                0x100022dc       0x10 CMakeFiles/tosks.dir/home/ryofac/.pico-sdk/sdk/2.1.1/src/rp2_common/pico_printf/printf.c.o
 .text._ftoa    0x100022ec      0x4a8 CMakeFiles/tosks.dir/home/ryofac/.pico-sdk/sdk/2.1.1/src/rp2_common/pico_printf/printf.c.o
 .text._etoa    0x10002794      0x57c CMakeFiles/tosks.dir/home/ryofac/.pico-sdk/sdk/2.1.1/src/rp2_common/pico_printf/printf.c.o
 .text._vsnprintf
                0x10002d10      0xbe0 CMakeFiles/tosks.dir/home/ryofac/.pico-sdk/sdk/2.1.1/src/rp2_common/pico_printf/printf.c.o
 .text.vfctprintf
                0x100038f0       0x24 CMakeFiles/tosks.dir/home/ryofac/.pico-sdk/sdk/2.1.1/src/rp2_common/pico_printf/printf.c.o
                0x100038f0                vfctprintf
 .text.weak_raw_vprintf
                0x10003914       0x30 CMakeFiles/tosks.dir/home/ryofac/.pico-sdk/sdk/2.1.1/src/rp2_common/pico_printf/printf.c.o
                0x10003914                weak_raw_vprintf
 .text._exit    0x10003944        0x4 CMakeFiles/tosks.dir/home/ryofac/.pico-sdk/sdk/2.1.1/src/rp2_common/pico_clib_interface/newlib_interface.c.o
                0x10003944                _exit
 .text._sbrk    0x10003948       0x34 CMakeFiles/tosks.dir/home/ryofac/.pico-sdk/sdk/2.1.1/src/rp2_common/pico_clib_interface/newlib_interface.c.o
                0x10003948                _sbrk
 .text.exit     0x1000397c        0x8 CMakeFiles/tosks.dir/home/ryofac/.pico-sdk/sdk/2.1.1/src/rp2_common/pico_clib_interface/newlib_interface.c.o
                0x1000397c                exit
 .text.runtime_init
                0x10003984       0x2c CMakeFiles/tosks.dir/home/ryofac/.pico-sdk/sdk/2.1.1/src/rp2_common/pico_clib_interface/newlib_interface.c.o
                0x10003984                runtime_init
 .text.stdio_out_chars_no_crlf
                0x100039b0       0x10 CMakeFiles/tosks.dir/home/ryofac/.pico-sdk/sdk/2.1.1/src/rp2_common/pico_stdio/stdio.c.o
 .text.stdio_out_chars_crlf
                0x100039c0       0xb0 CMakeFiles/tosks.dir/home/ryofac/.pico-sdk/sdk/2.1.1/src/rp2_common/pico_stdio/stdio.c.o
 .text.stdio_buffered_printer
                0x10003a70       0x64 CMakeFiles/tosks.dir/home/ryofac/.pico-sdk/sdk/2.1.1/src/rp2_common/pico_stdio/stdio.c.o
 .text.stdio_put_string
                0x10003ad4       0xfc CMakeFiles/tosks.dir/home/ryofac/.pico-sdk/sdk/2.1.1/src/rp2_common/pico_stdio/stdio.c.o
                0x10003ad4                stdio_put_string
 .text.stdio_init_all
                0x10003bd0        0x4 CMakeFiles/tosks.dir/home/ryofac/.pico-sdk/sdk/2.1.1/src/rp2_common/pico_stdio/stdio.c.o
                0x10003bd0                stdio_init_all
 .text.__wrap_putchar
                0x10003bd4       0x94 CMakeFiles/tosks.dir/home/ryofac/.pico-sdk/sdk/2.1.1/src/rp2_common/pico_stdio/stdio.c.o
                0x10003bd4                stdio_putchar
                0x10003bd4                __wrap_putchar
 .text.__wrap_puts
                0x10003c68       0x3c CMakeFiles/tosks.dir/home/ryofac/.pico-sdk/sdk/2.1.1/src/rp2_common/pico_stdio/stdio.c.o
                0x10003c68                __wrap_puts
                0x10003c68                stdio_puts
 .text.__wrap_vprintf
                0x10003ca4       0xcc CMakeFiles/tosks.dir/home/ryofac/.pico-sdk/sdk/2.1.1/src/rp2_common/pico_stdio/stdio.c.o
                0x10003ca4                __wrap_vprintf
                0x10003ca4                stdio_vprintf
 .text.__wrap_printf
                0x10003d70       0x18 CMakeFiles/tosks.dir/home/ryofac/.pico-sdk/sdk/2.1.1/src/rp2_common/pico_stdio/stdio.c.o
                0x10003d70                stdio_printf
                0x10003d70                __wrap_printf
 .text.i2c_write_blocking_internal.constprop.0
                0x10003d88       0xf8 CMakeFiles/tosks.dir/home/ryofac/.pico-sdk/sdk/2.1.1/src/rp2_common/hardware_i2c/i2c.c.o
 .text.i2c_set_baudrate
                0x10003e80       0xc0 CMakeFiles/tosks.dir/home/ryofac/.pico-sdk/sdk/2.1.1/src/rp2_common/hardware_i2c/i2c.c.o
                0x10003e80                i2c_set_baudrate
 .text.i2c_init
                0x10003f40       0x50 CMakeFiles/tosks.dir/home/ryofac/.pico-sdk/sdk/2.1.1/src/rp2_common/hardware_i2c/i2c.c.o
                0x10003f40                i2c_init
 .text.i2c_write_blocking
                0x10003f90       0x14 CMakeFiles/tosks.dir/home/ryofac/.pico-sdk/sdk/2.1.1/src/rp2_common/hardware_i2c/i2c.c.o
                0x10003f90                i2c_write_blocking
 .text.vPortSVCHandler
                0x10003fa4        0x4 CMakeFiles/tosks.dir/home/ryofac/rtos/FreeRTOS/Source/portable/ThirdParty/GCC/RP2040/port.c.o
                0x10003fa4                vPortSVCHandler
 *fill*         0x10003fa8        0x8 
 .text.vPortStartFirstTask
                0x10003fb0       0x34 CMakeFiles/tosks.dir/home/ryofac/rtos/FreeRTOS/Source/portable/ThirdParty/GCC/RP2040/port.c.o
 *fill*         0x10003fe4        0xc 
 .text.xPortPendSVHandler
                0x10003ff0       0x64 CMakeFiles/tosks.dir/home/ryofac/rtos/FreeRTOS/Source/portable/ThirdParty/GCC/RP2040/port.c.o
                0x10003ff0                xPortPendSVHandler
 .text.prvTaskExitError
                0x10004054        0x8 CMakeFiles/tosks.dir/home/ryofac/rtos/FreeRTOS/Source/portable/ThirdParty/GCC/RP2040/port.c.o
 .text.pxPortInitialiseStack
                0x1000405c       0x20 CMakeFiles/tosks.dir/home/ryofac/rtos/FreeRTOS/Source/portable/ThirdParty/GCC/RP2040/port.c.o
                0x1000405c                pxPortInitialiseStack
 .text.vPortYield
                0x1000407c       0x18 CMakeFiles/tosks.dir/home/ryofac/rtos/FreeRTOS/Source/portable/ThirdParty/GCC/RP2040/port.c.o
                0x1000407c                vPortYield
 .text.vPortEnterCritical
                0x10004094       0x18 CMakeFiles/tosks.dir/home/ryofac/rtos/FreeRTOS/Source/portable/ThirdParty/GCC/RP2040/port.c.o
                0x10004094                vPortEnterCritical
 .text.vPortExitCritical
                0x100040ac       0x34 CMakeFiles/tosks.dir/home/ryofac/rtos/FreeRTOS/Source/portable/ThirdParty/GCC/RP2040/port.c.o
                0x100040ac                vPortExitCritical
 .text.ulSetInterruptMaskFromISR
                0x100040e0        0x8 CMakeFiles/tosks.dir/home/ryofac/rtos/FreeRTOS/Source/portable/ThirdParty/GCC/RP2040/port.c.o
                0x100040e0                ulSetInterruptMaskFromISR
 .text.vClearInterruptMaskFromISR
                0x100040e8        0x8 CMakeFiles/tosks.dir/home/ryofac/rtos/FreeRTOS/Source/portable/ThirdParty/GCC/RP2040/port.c.o
                0x100040e8                vClearInterruptMaskFromISR
 .text.xPortSysTickHandler
                0x100040f0       0x24 CMakeFiles/tosks.dir/home/ryofac/rtos/FreeRTOS/Source/portable/ThirdParty/GCC/RP2040/port.c.o
                0x100040f0                xPortSysTickHandler
 .text.vPortSetupTimerInterrupt
                0x10004114       0x34 CMakeFiles/tosks.dir/home/ryofac/rtos/FreeRTOS/Source/portable/ThirdParty/GCC/RP2040/port.c.o
                0x10004114                vPortSetupTimerInterrupt
 .text.xPortStartScheduler
                0x10004148       0x68 CMakeFiles/tosks.dir/home/ryofac/rtos/FreeRTOS/Source/portable/ThirdParty/GCC/RP2040/port.c.o
                0x10004148                xPortStartScheduler
 .text.ulPortLockGetCurrentOwnerId
                0x100041b0       0x2c CMakeFiles/tosks.dir/home/ryofac/rtos/FreeRTOS/Source/portable/ThirdParty/GCC/RP2040/port.c.o
                0x100041b0                ulPortLockGetCurrentOwnerId
 .text.vPortLockInternalSpinUnlockWithWait
                0x100041dc       0x68 CMakeFiles/tosks.dir/home/ryofac/rtos/FreeRTOS/Source/portable/ThirdParty/GCC/RP2040/port.c.o
                0x100041dc                vPortLockInternalSpinUnlockWithWait
 .text.vPortLockInternalSpinUnlockWithNotify
                0x10004244       0x80 CMakeFiles/tosks.dir/home/ryofac/rtos/FreeRTOS/Source/portable/ThirdParty/GCC/RP2040/port.c.o
                0x10004244                vPortLockInternalSpinUnlockWithNotify
 .text.xPortLockInternalSpinUnlockWithBestEffortWaitOrTimeout
                0x100042c4       0xf4 CMakeFiles/tosks.dir/home/ryofac/rtos/FreeRTOS/Source/portable/ThirdParty/GCC/RP2040/port.c.o
                0x100042c4                xPortLockInternalSpinUnlockWithBestEffortWaitOrTimeout
 .text.startup.prvRuntimeInitializer
                0x100043b8       0x10 CMakeFiles/tosks.dir/home/ryofac/rtos/FreeRTOS/Source/portable/ThirdParty/GCC/RP2040/port.c.o
 .text.vEventGroupSetBitsCallback
                0x100043c8       0x90 CMakeFiles/tosks.dir/home/ryofac/rtos/FreeRTOS/Source/event_groups.c.o
                0x100043c8                vEventGroupSetBitsCallback
 .text.xEventGroupCreate
                0x10004458       0x18 CMakeFiles/tosks.dir/home/ryofac/rtos/FreeRTOS/Source/event_groups.c.o
                0x10004458                xEventGroupCreate
 .text.xEventGroupWaitBits
                0x10004470       0xb8 CMakeFiles/tosks.dir/home/ryofac/rtos/FreeRTOS/Source/event_groups.c.o
                0x10004470                xEventGroupWaitBits
 .text.xEventGroupSetBits
                0x10004528       0x94 CMakeFiles/tosks.dir/home/ryofac/rtos/FreeRTOS/Source/event_groups.c.o
                0x10004528                xEventGroupSetBits
 .text.xEventGroupSetBitsFromISR
                0x100045bc       0x18 CMakeFiles/tosks.dir/home/ryofac/rtos/FreeRTOS/Source/event_groups.c.o
                0x100045bc                xEventGroupSetBitsFromISR
 .text.vListInitialise
                0x100045d4       0x18 CMakeFiles/tosks.dir/home/ryofac/rtos/FreeRTOS/Source/list.c.o
                0x100045d4                vListInitialise
 .text.vListInitialiseItem
                0x100045ec        0x8 CMakeFiles/tosks.dir/home/ryofac/rtos/FreeRTOS/Source/list.c.o
                0x100045ec                vListInitialiseItem
 .text.vListInsert
                0x100045f4       0x30 CMakeFiles/tosks.dir/home/ryofac/rtos/FreeRTOS/Source/list.c.o
                0x100045f4                vListInsert
 .text.uxListRemove
                0x10004624       0x24 CMakeFiles/tosks.dir/home/ryofac/rtos/FreeRTOS/Source/list.c.o
                0x10004624                uxListRemove
 .text.prvUnlockQueue
                0x10004648      0x17c CMakeFiles/tosks.dir/home/ryofac/rtos/FreeRTOS/Source/queue.c.o
 .text.prvNotifyQueueSetContainer
                0x100047c4       0x90 CMakeFiles/tosks.dir/home/ryofac/rtos/FreeRTOS/Source/queue.c.o
 .text.xQueueGenericCreate
                0x10004854       0xa4 CMakeFiles/tosks.dir/home/ryofac/rtos/FreeRTOS/Source/queue.c.o
                0x10004854                xQueueGenericCreate
 .text.xQueueGenericSend
                0x100048f8      0x1d4 CMakeFiles/tosks.dir/home/ryofac/rtos/FreeRTOS/Source/queue.c.o
                0x100048f8                xQueueGenericSend
 .text.xQueueGenericSendFromISR
                0x10004acc      0x150 CMakeFiles/tosks.dir/home/ryofac/rtos/FreeRTOS/Source/queue.c.o
                0x10004acc                xQueueGenericSendFromISR
 .text.xQueueReceive
                0x10004c1c      0x11c CMakeFiles/tosks.dir/home/ryofac/rtos/FreeRTOS/Source/queue.c.o
                0x10004c1c                xQueueReceive
 .text.vQueueAddToRegistry
                0x10004d38      0x118 CMakeFiles/tosks.dir/home/ryofac/rtos/FreeRTOS/Source/queue.c.o
                0x10004d38                vQueueAddToRegistry
 .text.vQueueWaitForMessageRestricted
                0x10004e50       0x48 CMakeFiles/tosks.dir/home/ryofac/rtos/FreeRTOS/Source/queue.c.o
                0x10004e50                vQueueWaitForMessageRestricted
 .text.prvIdleTask
                0x10004e98       0x60 CMakeFiles/tosks.dir/home/ryofac/rtos/FreeRTOS/Source/tasks.c.o
 .text.xTaskIncrementTick.part.0
                0x10004ef8      0x190 CMakeFiles/tosks.dir/home/ryofac/rtos/FreeRTOS/Source/tasks.c.o
 .text.xTaskCreate
                0x10005088      0x240 CMakeFiles/tosks.dir/home/ryofac/rtos/FreeRTOS/Source/tasks.c.o
                0x10005088                xTaskCreate
 .text.vTaskStartScheduler
                0x100052c8      0x1d8 CMakeFiles/tosks.dir/home/ryofac/rtos/FreeRTOS/Source/tasks.c.o
                0x100052c8                vTaskStartScheduler
 .text.vTaskSuspendAll
                0x100054a0       0x10 CMakeFiles/tosks.dir/home/ryofac/rtos/FreeRTOS/Source/tasks.c.o
                0x100054a0                vTaskSuspendAll
 .text.xTaskResumeAll
                0x100054b0      0x180 CMakeFiles/tosks.dir/home/ryofac/rtos/FreeRTOS/Source/tasks.c.o
                0x100054b0                xTaskResumeAll
 .text.vTaskDelay
                0x10005630       0x78 CMakeFiles/tosks.dir/home/ryofac/rtos/FreeRTOS/Source/tasks.c.o
                0x10005630                vTaskDelay
 .text.xTaskGetTickCount
                0x100056a8        0xc CMakeFiles/tosks.dir/home/ryofac/rtos/FreeRTOS/Source/tasks.c.o
                0x100056a8                xTaskGetTickCount
 .text.uxTaskGetNumberOfTasks
                0x100056b4        0xc CMakeFiles/tosks.dir/home/ryofac/rtos/FreeRTOS/Source/tasks.c.o
                0x100056b4                uxTaskGetNumberOfTasks
 .text.xTaskIncrementTick
                0x100056c0       0x24 CMakeFiles/tosks.dir/home/ryofac/rtos/FreeRTOS/Source/tasks.c.o
                0x100056c0                xTaskIncrementTick
 .text.vTaskSwitchContext
                0x100056e4       0x6c CMakeFiles/tosks.dir/home/ryofac/rtos/FreeRTOS/Source/tasks.c.o
                0x100056e4                vTaskSwitchContext
 .text.vTaskPlaceOnEventList
                0x10005750       0x94 CMakeFiles/tosks.dir/home/ryofac/rtos/FreeRTOS/Source/tasks.c.o
                0x10005750                vTaskPlaceOnEventList
 .text.vTaskPlaceOnUnorderedEventList
                0x100057e4       0xb8 CMakeFiles/tosks.dir/home/ryofac/rtos/FreeRTOS/Source/tasks.c.o
                0x100057e4                vTaskPlaceOnUnorderedEventList
 .text.vTaskPlaceOnEventListRestricted
                0x1000589c       0xc0 CMakeFiles/tosks.dir/home/ryofac/rtos/FreeRTOS/Source/tasks.c.o
                0x1000589c                vTaskPlaceOnEventListRestricted
 .text.xTaskRemoveFromEventList
                0x1000595c       0xcc CMakeFiles/tosks.dir/home/ryofac/rtos/FreeRTOS/Source/tasks.c.o
                0x1000595c                xTaskRemoveFromEventList
 .text.vTaskRemoveFromUnorderedEventList
                0x10005a28       0x94 CMakeFiles/tosks.dir/home/ryofac/rtos/FreeRTOS/Source/tasks.c.o
                0x10005a28                vTaskRemoveFromUnorderedEventList
 .text.vTaskInternalSetTimeOutState
                0x10005abc       0x18 CMakeFiles/tosks.dir/home/ryofac/rtos/FreeRTOS/Source/tasks.c.o
                0x10005abc                vTaskInternalSetTimeOutState
 .text.xTaskCheckForTimeOut
                0x10005ad4       0x74 CMakeFiles/tosks.dir/home/ryofac/rtos/FreeRTOS/Source/tasks.c.o
                0x10005ad4                xTaskCheckForTimeOut
 .text.vTaskMissedYield
                0x10005b48        0xc CMakeFiles/tosks.dir/home/ryofac/rtos/FreeRTOS/Source/tasks.c.o
                0x10005b48                vTaskMissedYield
 .text.xTaskGetCurrentTaskHandle
                0x10005b54        0xc CMakeFiles/tosks.dir/home/ryofac/rtos/FreeRTOS/Source/tasks.c.o
                0x10005b54                xTaskGetCurrentTaskHandle
 .text.xTaskPriorityDisinherit
                0x10005b60       0x64 CMakeFiles/tosks.dir/home/ryofac/rtos/FreeRTOS/Source/tasks.c.o
                0x10005b60                xTaskPriorityDisinherit
 .text.uxTaskResetEventItemValue
                0x10005bc4       0x18 CMakeFiles/tosks.dir/home/ryofac/rtos/FreeRTOS/Source/tasks.c.o
                0x10005bc4                uxTaskResetEventItemValue
 .text.prvTimerTask
                0x10005bdc      0x380 CMakeFiles/tosks.dir/home/ryofac/rtos/FreeRTOS/Source/timers.c.o
 .text.xTimerCreateTimerTask
                0x10005f5c       0x8c CMakeFiles/tosks.dir/home/ryofac/rtos/FreeRTOS/Source/timers.c.o
                0x10005f5c                xTimerCreateTimerTask
 .text.xTimerPendFunctionCallFromISR
                0x10005fe8       0x2c CMakeFiles/tosks.dir/home/ryofac/rtos/FreeRTOS/Source/timers.c.o
                0x10005fe8                xTimerPendFunctionCallFromISR
 .text.exception_set_exclusive_handler
                0x10006014       0x48 CMakeFiles/tosks.dir/home/ryofac/.pico-sdk/sdk/2.1.1/src/rp2_common/hardware_exception/exception.c.o
                0x10006014                exception_set_exclusive_handler
 .text.pvPortMalloc
                0x1000605c      0x174 CMakeFiles/tosks.dir/home/ryofac/rtos/FreeRTOS/Source/portable/MemMang/heap_4.c.o
                0x1000605c                pvPortMalloc
 .text.vPortFree
                0x100061d0       0x98 CMakeFiles/tosks.dir/home/ryofac/rtos/FreeRTOS/Source/portable/MemMang/heap_4.c.o
                0x100061d0                vPortFree
 .text.startup._retrieve_unique_id_on_boot
                0x10006268       0x10 CMakeFiles/tosks.dir/home/ryofac/.pico-sdk/sdk/2.1.1/src/rp2_common/pico_unique_id/unique_id.c.o
 .text.flash_get_unique_id
                0x10006278       0x3c CMakeFiles/tosks.dir/home/ryofac/.pico-sdk/sdk/2.1.1/src/rp2_common/hardware_flash/flash.c.o
                0x10006278                flash_get_unique_id
 .text.malloc   0x100062b4       0x14 /home/ryofac/.pico-sdk/toolchain/14_2_Rel1/bin/../lib/gcc/arm-none-eabi/14.2.1/../../../../arm-none-eabi/lib/thumb/v6-m/nofp/libg.a(libc_a-malloc.o)
                0x100062b4                malloc
 .text._malloc_r
                0x100062c8      0x5cc /home/ryofac/.pico-sdk/toolchain/14_2_Rel1/bin/../lib/gcc/arm-none-eabi/14.2.1/../../../../arm-none-eabi/lib/thumb/v6-m/nofp/libg.a(libc_a-mallocr.o)
                0x100062c8                _malloc_r
 .text.__malloc_lock
                0x10006894       0x10 /home/ryofac/.pico-sdk/toolchain/14_2_Rel1/bin/../lib/gcc/arm-none-eabi/14.2.1/../../../../arm-none-eabi/lib/thumb/v6-m/nofp/libg.a(libc_a-mlock.o)
                0x10006894                __malloc_lock
 .text.__malloc_unlock
                0x100068a4       0x10 /home/ryofac/.pico-sdk/toolchain/14_2_Rel1/bin/../lib/gcc/arm-none-eabi/14.2.1/../../../../arm-none-eabi/lib/thumb/v6-m/nofp/libg.a(libc_a-mlock.o)
                0x100068a4                __malloc_unlock
 .text._sbrk_r  0x100068b4       0x24 /home/ryofac/.pico-sdk/toolchain/14_2_Rel1/bin/../lib/gcc/arm-none-eabi/14.2.1/../../../../arm-none-eabi/lib/thumb/v6-m/nofp/libg.a(libc_a-sbrkr.o)
                0x100068b4                _sbrk_r
 .text.__errno  0x100068d8        0xc /home/ryofac/.pico-sdk/toolchain/14_2_Rel1/bin/../lib/gcc/arm-none-eabi/14.2.1/../../../../arm-none-eabi/lib/thumb/v6-m/nofp/libg.a(libc_a-errno.o)
                0x100068d8                __errno
 .text.__retarget_lock_acquire_recursive
                0x100068e4        0x4 /home/ryofac/.pico-sdk/toolchain/14_2_Rel1/bin/../lib/gcc/arm-none-eabi/14.2.1/../../../../arm-none-eabi/lib/thumb/v6-m/nofp/libg.a(libc_a-lock.o)
                0x100068e4                __retarget_lock_acquire_recursive
 .text.__retarget_lock_release_recursive
                0x100068e8        0x4 /home/ryofac/.pico-sdk/toolchain/14_2_Rel1/bin/../lib/gcc/arm-none-eabi/14.2.1/../../../../arm-none-eabi/lib/thumb/v6-m/nofp/libg.a(libc_a-lock.o)
                0x100068e8                __retarget_lock_release_recursive
 .text.sysconf  0x100068ec       0x1c /home/ryofac/.pico-sdk/toolchain/14_2_Rel1/bin/../lib/gcc/arm-none-eabi/14.2.1/../../../../arm-none-eabi/lib/thumb/v6-m/nofp/libg.a(libc_a-sysconf.o)
                0x100068ec                sysconf
 .text.strlen   0x10006908       0x5c /home/ryofac/.pico-sdk/toolchain/14_2_Rel1/bin/../lib/gcc/arm-none-eabi/14.2.1/../../../../arm-none-eabi/lib/thumb/v6-m/nofp/libg.a(libc_a-strlen-stub.o)
                0x10006908                strlen
 .text._malloc_trim_r
                0x10006964       0xb4 /home/ryofac/.pico-sdk/toolchain/14_2_Rel1/bin/../lib/gcc/arm-none-eabi/14.2.1/../../../../arm-none-eabi/lib/thumb/v6-m/nofp/libg.a(libc_a-freer.o)
                0x10006964                _malloc_trim_r
 .text._free_r  0x10006a18      0x1f0 /home/ryofac/.pico-sdk/toolchain/14_2_Rel1/bin/../lib/gcc/arm-none-eabi/14.2.1/../../../../arm-none-eabi/lib/thumb/v6-m/nofp/libg.a(libc_a-freer.o)
                0x10006a18                _free_r
 *(.fini)
 .fini          0x10006c08        0x4 /home/ryofac/.pico-sdk/toolchain/14_2_Rel1/bin/../lib/gcc/arm-none-eabi/14.2.1/thumb/v6-m/nofp/crti.o
                0x10006c08                _fini
 *fill*         0x10006c0c        0x4 
 .fini.__stub   0x10006c10       0x60 linker stubs
 *crtbegin.o(.ctors)
 *crtbegin?.o(.ctors)
 *(EXCLUDE_FILE(*crtend.o *crtend?.o) .ctors)
 *(SORT_BY_NAME(.ctors.*))
 *(.ctors)
 *crtbegin.o(.dtors)
 *crtbegin?.o(.dtors)
 *(EXCLUDE_FILE(*crtend.o *crtend?.o) .dtors)
 *(SORT_BY_NAME(.dtors.*))
 *(.dtors)
                0x10006c70                        . = ALIGN (0x4)
                0x10006c70                        PROVIDE (__preinit_array_start = .)
 *(SORT_BY_NAME(.preinit_array.*))
 .preinit_array.00100
                0x10006c70        0x4 CMakeFiles/tosks.dir/home/ryofac/.pico-sdk/sdk/2.1.1/src/rp2_common/pico_runtime_init/runtime_init.c.o
                0x10006c70                __pre_init_runtime_init_early_resets
 .preinit_array.00101
                0x10006c74        0x4 CMakeFiles/tosks.dir/home/ryofac/.pico-sdk/sdk/2.1.1/src/rp2_common/pico_runtime_init/runtime_init.c.o
                0x10006c74                __pre_init_runtime_init_usb_power_down
 .preinit_array.00275
                0x10006c78        0x4 CMakeFiles/tosks.dir/home/ryofac/.pico-sdk/sdk/2.1.1/src/rp2_common/pico_bit_ops/bit_ops_aeabi.S.o
 .preinit_array.00300
                0x10006c7c        0x4 CMakeFiles/tosks.dir/home/ryofac/.pico-sdk/sdk/2.1.1/src/rp2_common/pico_mem_ops/mem_ops_aeabi.S.o
 .preinit_array.00350
                0x10006c80        0x4 CMakeFiles/tosks.dir/home/ryofac/.pico-sdk/sdk/2.1.1/src/rp2_common/pico_double/double_aeabi_rp2040.S.o
 .preinit_array.00350
                0x10006c84        0x4 CMakeFiles/tosks.dir/home/ryofac/.pico-sdk/sdk/2.1.1/src/rp2_common/pico_float/float_aeabi_rp2040.S.o
 .preinit_array.00500
                0x10006c88        0x4 CMakeFiles/tosks.dir/home/ryofac/.pico-sdk/sdk/2.1.1/src/rp2_common/pico_runtime_init/runtime_init.c.o
                0x10006c88                __pre_init_runtime_init_clocks
 .preinit_array.00600
                0x10006c8c        0x4 CMakeFiles/tosks.dir/home/ryofac/.pico-sdk/sdk/2.1.1/src/rp2_common/pico_runtime_init/runtime_init.c.o
                0x10006c8c                __pre_init_runtime_init_post_clock_resets
 .preinit_array.00700
                0x10006c90        0x4 CMakeFiles/tosks.dir/home/ryofac/.pico-sdk/sdk/2.1.1/src/rp2_common/pico_runtime_init/runtime_init.c.o
                0x10006c90                __pre_init_runtime_init_rp2040_gpio_ie_disable
 .preinit_array.01000
                0x10006c94        0x4 CMakeFiles/tosks.dir/home/ryofac/.pico-sdk/sdk/2.1.1/src/rp2_common/pico_runtime_init/runtime_init.c.o
                0x10006c94                __pre_init_runtime_init_spin_locks_reset
 .preinit_array.01100
                0x10006c98        0x4 CMakeFiles/tosks.dir/home/ryofac/.pico-sdk/sdk/2.1.1/src/common/pico_sync/mutex.c.o
                0x10006c98                __pre_init_runtime_init_mutex
 .preinit_array.10080
                0x10006c9c        0x4 CMakeFiles/tosks.dir/home/ryofac/.pico-sdk/sdk/2.1.1/src/rp2_common/pico_runtime_init/runtime_init.c.o
                0x10006c9c                __pre_init_runtime_init_install_ram_vector_table
 .preinit_array.11000
                0x10006ca0        0x4 CMakeFiles/tosks.dir/home/ryofac/.pico-sdk/sdk/2.1.1/src/common/pico_time/time.c.o
                0x10006ca0                __pre_init_runtime_init_default_alarm_pool
 .preinit_array.YYYYY
                0x10006ca4        0x4 CMakeFiles/tosks.dir/home/ryofac/.pico-sdk/sdk/2.1.1/src/rp2_common/pico_runtime/runtime.c.o
                0x10006ca4                __pre_init_first_per_core_initializer
 .preinit_array.ZZZZZ.01200
                0x10006ca8        0x4 CMakeFiles/tosks.dir/home/ryofac/.pico-sdk/sdk/2.1.1/src/rp2_common/hardware_irq/irq.c.o
                0x10006ca8                __pre_init_runtime_init_per_core_irq_priorities
 *(.preinit_array)
                0x10006cac                        PROVIDE (__preinit_array_end = .)
                0x10006cac                        . = ALIGN (0x4)
                0x10006cac                        PROVIDE (__init_array_start = .)
 *(SORT_BY_NAME(.init_array.*))
 *(.init_array)
 .init_array    0x10006cac        0x4 /home/ryofac/.pico-sdk/toolchain/14_2_Rel1/bin/../lib/gcc/arm-none-eabi/14.2.1/thumb/v6-m/nofp/crtbegin.o
 .init_array    0x10006cb0        0x4 CMakeFiles/tosks.dir/home/ryofac/rtos/FreeRTOS/Source/portable/ThirdParty/GCC/RP2040/port.c.o
 .init_array    0x10006cb4        0x4 CMakeFiles/tosks.dir/home/ryofac/.pico-sdk/sdk/2.1.1/src/rp2_common/pico_unique_id/unique_id.c.o
                0x10006cb8                        PROVIDE (__init_array_end = .)
                0x10006cb8                        . = ALIGN (0x4)
                [!provide]                        PROVIDE (__fini_array_start = .)
 *(SORT_BY_NAME(.fini_array.*))
 *(.fini_array)
                [!provide]                        PROVIDE (__fini_array_end = .)
 *(.eh_frame*)
 .eh_frame      0x10006cb8        0x0 /home/ryofac/.pico-sdk/toolchain/14_2_Rel1/bin/../lib/gcc/arm-none-eabi/14.2.1/thumb/v6-m/nofp/crtbegin.o
                0x10006cb8                        . = ALIGN (0x4)

.glue_7         0x10006cb8        0x0
 .glue_7        0x10006cb8        0x0 linker stubs

.glue_7t        0x10006cb8        0x0
 .glue_7t       0x10006cb8        0x0 linker stubs

.vfp11_veneer   0x10006cb8        0x0
 .vfp11_veneer  0x10006cb8        0x0 linker stubs

.v4_bx          0x10006cb8        0x0
 .v4_bx         0x10006cb8        0x0 linker stubs

.iplt           0x10006cb8        0x0
 .iplt          0x10006cb8        0x0 /home/ryofac/.pico-sdk/toolchain/14_2_Rel1/bin/../lib/gcc/arm-none-eabi/14.2.1/thumb/v6-m/nofp/crtbegin.o

.rodata         0x10006cb8      0x698
 *(EXCLUDE_FILE(*libm.a: *libc.a:*lib_a-mem*.o *libgcc.a:) .rodata*)
 .rodata.vPressRegisterTask.str1.4
                0x10006cb8      0x22c CMakeFiles/tosks.dir/tosks.c.o
                                 0x1b (size before relaxing)
 .rodata.setup.str1.4
                0x10006ee4       0x1d CMakeFiles/tosks.dir/tosks.c.o
 .rodata.main.str1.4
                0x10006ee4       0x6e CMakeFiles/tosks.dir/tosks.c.o
 .rodata.ssd1306_init.str1.4
                0x10006ee4       0x3f CMakeFiles/tosks.dir/lib/pico-ssd1306/ssd1306.c.o
 .rodata.ssd1306_show.str1.4
                0x10006ee4        0xd CMakeFiles/tosks.dir/lib/pico-ssd1306/ssd1306.c.o
 .rodata.font_8x5
                0x10006ee4      0x1e0 CMakeFiles/tosks.dir/lib/pico-ssd1306/ssd1306.c.o
                0x10006ee4                font_8x5
 .rodata.init_display.str1.4
                0x100070c4       0x3e CMakeFiles/tosks.dir/lib/doglab/doglab.c.o
 .rodata        0x100070c4        0xc CMakeFiles/tosks.dir/lib/doglab/doglab.c.o
 .rodata.str1.4
                0x100070d0        0xb CMakeFiles/tosks.dir/modules/display/display.c.o
 .rodata.panic.str1.4
                0x100070d0       0x12 CMakeFiles/tosks.dir/home/ryofac/.pico-sdk/sdk/2.1.1/src/rp2_common/pico_platform_panic/panic.c.o
 .rodata.panic_unsupported.str1.4
                0x100070d0        0xe CMakeFiles/tosks.dir/home/ryofac/.pico-sdk/sdk/2.1.1/src/rp2_common/pico_platform_panic/panic.c.o
 .rodata.timer_hardware_alarm_claim.str1.4
                0x100070d0       0x22 CMakeFiles/tosks.dir/home/ryofac/.pico-sdk/sdk/2.1.1/src/rp2_common/hardware_timer/timer.c.o
 .rodata.hard_assertion_failure.str1.4
                0x100070d0        0xc CMakeFiles/tosks.dir/home/ryofac/.pico-sdk/sdk/2.1.1/src/rp2_common/pico_runtime/runtime.c.o
 .rodata.missing_double_func_shim.str1.4
                0x100070d0       0x18 CMakeFiles/tosks.dir/home/ryofac/.pico-sdk/sdk/2.1.1/src/rp2_common/pico_double/double_init_rom_rp2040.c.o
 .rodata.missing_float_func_shim.str1.4
                0x100070d0        0x1 CMakeFiles/tosks.dir/home/ryofac/.pico-sdk/sdk/2.1.1/src/rp2_common/pico_float/float_init_rom_rp2040.c.o
 .rodata.__wrap_malloc.str1.4
                0x100070d0        0xe CMakeFiles/tosks.dir/home/ryofac/.pico-sdk/sdk/2.1.1/src/rp2_common/pico_malloc/malloc.c.o
 .rodata.str1.4
                0x100070d0       0x40 CMakeFiles/tosks.dir/home/ryofac/.pico-sdk/sdk/2.1.1/src/rp2_common/pico_standard_binary_info/standard_binary_info.c.o
 .rodata.__bi_84
                0x100070d0        0xc CMakeFiles/tosks.dir/home/ryofac/.pico-sdk/sdk/2.1.1/src/rp2_common/pico_standard_binary_info/standard_binary_info.c.o
 .rodata.__bi_78
                0x100070dc        0xc CMakeFiles/tosks.dir/home/ryofac/.pico-sdk/sdk/2.1.1/src/rp2_common/pico_standard_binary_info/standard_binary_info.c.o
 .rodata.__bi_60
                0x100070e8        0xc CMakeFiles/tosks.dir/home/ryofac/.pico-sdk/sdk/2.1.1/src/rp2_common/pico_standard_binary_info/standard_binary_info.c.o
 .rodata.__bi_54
                0x100070f4        0xc CMakeFiles/tosks.dir/home/ryofac/.pico-sdk/sdk/2.1.1/src/rp2_common/pico_standard_binary_info/standard_binary_info.c.o
 .rodata.__bi_48
                0x10007100        0xc CMakeFiles/tosks.dir/home/ryofac/.pico-sdk/sdk/2.1.1/src/rp2_common/pico_standard_binary_info/standard_binary_info.c.o
 .rodata.__bi_42
                0x1000710c        0xc CMakeFiles/tosks.dir/home/ryofac/.pico-sdk/sdk/2.1.1/src/rp2_common/pico_standard_binary_info/standard_binary_info.c.o
 .rodata.__bi_34
                0x10007118        0xc CMakeFiles/tosks.dir/home/ryofac/.pico-sdk/sdk/2.1.1/src/rp2_common/pico_standard_binary_info/standard_binary_info.c.o
 .rodata.__bi_26
                0x10007124        0xc CMakeFiles/tosks.dir/home/ryofac/.pico-sdk/sdk/2.1.1/src/rp2_common/pico_standard_binary_info/standard_binary_info.c.o
 .rodata._ftoa.str1.4
                0x10007130       0x15 CMakeFiles/tosks.dir/home/ryofac/.pico-sdk/sdk/2.1.1/src/rp2_common/pico_printf/printf.c.o
 .rodata._vsnprintf
                0x10007130      0x19c CMakeFiles/tosks.dir/home/ryofac/.pico-sdk/sdk/2.1.1/src/rp2_common/pico_printf/printf.c.o
 *fill*         0x100072cc        0x4 
 .rodata.pow10.0
                0x100072d0       0x50 CMakeFiles/tosks.dir/home/ryofac/.pico-sdk/sdk/2.1.1/src/rp2_common/pico_printf/printf.c.o
 .rodata.crlf_str.0
                0x10007320        0x2 CMakeFiles/tosks.dir/home/ryofac/.pico-sdk/sdk/2.1.1/src/rp2_common/pico_stdio/stdio.c.o
 *fill*         0x10007322        0x2 
 .rodata.uxTopUsedPriority
                0x10007324        0x4 CMakeFiles/tosks.dir/home/ryofac/rtos/FreeRTOS/Source/tasks.c.o
                0x10007324                uxTopUsedPriority
 .rodata.prvTimerTask
                0x10007328       0x28 CMakeFiles/tosks.dir/home/ryofac/rtos/FreeRTOS/Source/timers.c.o
 .rodata.xTimerCreateTimerTask.str1.4
                0x10007350       0x10 CMakeFiles/tosks.dir/home/ryofac/rtos/FreeRTOS/Source/timers.c.o
                0x10007360                        . = ALIGN (0x4)
 *(SORT_BY_ALIGNMENT(SORT_BY_NAME(.flashdata*)))
                0x10007360                        . = ALIGN (0x4)

.ARM.extab
 *(.ARM.extab* .gnu.linkonce.armextab.*)
                0x10007350                        __exidx_start = .

.ARM.exidx
 *(.ARM.exidx* .gnu.linkonce.armexidx.*)
                0x10007350                        __exidx_end = .
                0x10007360                        . = ALIGN (0x4)
                0x10007350                        __binary_info_start = .

.binary_info    0x10007350       0x20
 *(.binary_info.keep.*)
 .binary_info.keep.__bi_ptr84
                0x10007350        0x4 CMakeFiles/tosks.dir/home/ryofac/.pico-sdk/sdk/2.1.1/src/rp2_common/pico_standard_binary_info/standard_binary_info.c.o
 .binary_info.keep.__bi_ptr78
                0x10007354        0x4 CMakeFiles/tosks.dir/home/ryofac/.pico-sdk/sdk/2.1.1/src/rp2_common/pico_standard_binary_info/standard_binary_info.c.o
 .binary_info.keep.__bi_ptr60
                0x10007358        0x4 CMakeFiles/tosks.dir/home/ryofac/.pico-sdk/sdk/2.1.1/src/rp2_common/pico_standard_binary_info/standard_binary_info.c.o
 .binary_info.keep.__bi_ptr54
                0x1000735c        0x4 CMakeFiles/tosks.dir/home/ryofac/.pico-sdk/sdk/2.1.1/src/rp2_common/pico_standard_binary_info/standard_binary_info.c.o
 .binary_info.keep.__bi_ptr48
                0x10007360        0x4 CMakeFiles/tosks.dir/home/ryofac/.pico-sdk/sdk/2.1.1/src/rp2_common/pico_standard_binary_info/standard_binary_info.c.o
 .binary_info.keep.__bi_ptr42
                0x10007364        0x4 CMakeFiles/tosks.dir/home/ryofac/.pico-sdk/sdk/2.1.1/src/rp2_common/pico_standard_binary_info/standard_binary_info.c.o
 .binary_info.keep.__bi_ptr34
                0x10007368        0x4 CMakeFiles/tosks.dir/home/ryofac/.pico-sdk/sdk/2.1.1/src/rp2_common/pico_standard_binary_info/standard_binary_info.c.o
 .binary_info.keep.__bi_ptr26
                0x1000736c        0x4 CMakeFiles/tosks.dir/home/ryofac/.pico-sdk/sdk/2.1.1/src/rp2_common/pico_standard_binary_info/standard_binary_info.c.o
 *(.binary_info.*)
                0x10007370                        __binary_info_end = .

.rel.dyn        0x10007370        0x0
 .rel.iplt      0x10007370        0x0 /home/ryofac/.pico-sdk/toolchain/14_2_Rel1/bin/../lib/gcc/arm-none-eabi/14.2.1/thumb/v6-m/nofp/crtbegin.o
                0x10007370                        . = ALIGN (0x4)

.ram_vector_table
                0x20000000       0xc0
 *(.ram_vector_table)
 .ram_vector_table
                0x20000000       0xc0 CMakeFiles/tosks.dir/home/ryofac/.pico-sdk/sdk/2.1.1/src/rp2_common/pico_runtime_init/runtime_init.c.o
                0x20000000                ram_vector_table

.uninitialized_data
                0x200000c0        0x0
                0x200000c0                        . = ALIGN (0x4)
 *(.uninitialized_data*)

.data           0x200000c0      0x8b0 load address 0x10007370
                0x200000c0                        __data_start__ = .
 *(vtable)
 *(.time_critical*)
 .time_critical.mutex_enter_blocking
                0x200000c0       0x3c CMakeFiles/tosks.dir/home/ryofac/.pico-sdk/sdk/2.1.1/src/common/pico_sync/mutex.c.o
                0x200000c0                mutex_enter_blocking
 .time_critical.mutex_try_enter_block_until
                0x200000fc       0xa0 CMakeFiles/tosks.dir/home/ryofac/.pico-sdk/sdk/2.1.1/src/common/pico_sync/mutex.c.o
                0x200000fc                mutex_try_enter_block_until
 .time_critical.mutex_exit
                0x2000019c       0x20 CMakeFiles/tosks.dir/home/ryofac/.pico-sdk/sdk/2.1.1/src/common/pico_sync/mutex.c.o
                0x2000019c                mutex_exit
 .time_critical.flash_init_boot2_copyout
                0x200001bc       0x30 CMakeFiles/tosks.dir/home/ryofac/.pico-sdk/sdk/2.1.1/src/rp2_common/hardware_flash/flash.c.o
 .time_critical.flash_enable_xip_via_boot2
                0x200001ec        0xc CMakeFiles/tosks.dir/home/ryofac/.pico-sdk/sdk/2.1.1/src/rp2_common/hardware_flash/flash.c.o
 .time_critical.flash_cs_force
                0x200001f8       0x38 CMakeFiles/tosks.dir/home/ryofac/.pico-sdk/sdk/2.1.1/src/rp2_common/hardware_flash/flash.c.o
 .time_critical.flash_do_cmd
                0x20000230      0x130 CMakeFiles/tosks.dir/home/ryofac/.pico-sdk/sdk/2.1.1/src/rp2_common/hardware_flash/flash.c.o
                0x20000230                flash_do_cmd
 *(.text*)
 .text          0x20000360        0x4 /home/ryofac/.pico-sdk/toolchain/14_2_Rel1/bin/../lib/gcc/arm-none-eabi/14.2.1/thumb/v6-m/nofp/libgcc.a(_dvmd_tls.o)
                0x20000360                __aeabi_ldiv0
                0x20000360                __aeabi_idiv0
 *fill*         0x20000364        0x4 
 .text.__stub   0x20000368       0x40 linker stubs
                0x200003a8                        . = ALIGN (0x4)
 *(.rodata*)
                0x200003a8                        . = ALIGN (0x4)
 *(.data*)
 .data.bottom_screen_text
                0x200003a8        0x4 CMakeFiles/tosks.dir/modules/display/display.c.o
                0x200003a8                bottom_screen_text
 .data.SCREEN_BOTTOM_LIMIT
                0x200003ac        0x4 CMakeFiles/tosks.dir/modules/display/display.c.o
                0x200003ac                SCREEN_BOTTOM_LIMIT
 .data.striped_spin_lock_num
                0x200003b0        0x1 CMakeFiles/tosks.dir/home/ryofac/.pico-sdk/sdk/2.1.1/src/rp2_common/hardware_sync/sync.c.o
 *fill*         0x200003b1        0x3 
 .data.default_alarm_pool
                0x200003b4       0x18 CMakeFiles/tosks.dir/home/ryofac/.pico-sdk/sdk/2.1.1/src/common/pico_time/time.c.o
 *fill*         0x200003cc        0x4 
 .data.aeabi_bits_funcs
                0x200003d0       0x10 CMakeFiles/tosks.dir/home/ryofac/.pico-sdk/sdk/2.1.1/src/rp2_common/pico_bit_ops/bit_ops_aeabi.S.o
                0x200003d0                aeabi_bits_funcs
                0x200003e0                aeabi_bits_funcs_end
 .data.aeabi_mem_funcs
                0x200003e0       0x10 CMakeFiles/tosks.dir/home/ryofac/.pico-sdk/sdk/2.1.1/src/rp2_common/pico_mem_ops/mem_ops_aeabi.S.o
                0x200003e0                aeabi_mem_funcs
                0x200003f0                aeabi_mem_funcs_end
 .data.i2c1_inst
                0x200003f0        0x8 CMakeFiles/tosks.dir/home/ryofac/.pico-sdk/sdk/2.1.1/src/rp2_common/hardware_i2c/i2c.c.o
                0x200003f0                i2c1_inst
 .data.i2c0_inst
                0x200003f8        0x8 CMakeFiles/tosks.dir/home/ryofac/.pico-sdk/sdk/2.1.1/src/rp2_common/hardware_i2c/i2c.c.o
                0x200003f8                i2c0_inst
 .data.ucLaunchCoreNum
                0x20000400        0x1 CMakeFiles/tosks.dir/home/ryofac/rtos/FreeRTOS/Source/portable/ThirdParty/GCC/RP2040/port.c.o
 *fill*         0x20000401        0x3 
 .data.__malloc_sbrk_base
                0x20000404        0x4 /home/ryofac/.pico-sdk/toolchain/14_2_Rel1/bin/../lib/gcc/arm-none-eabi/14.2.1/../../../../arm-none-eabi/lib/thumb/v6-m/nofp/libg.a(libc_a-mallocr.o)
                0x20000404                __malloc_sbrk_base
 .data.__malloc_trim_threshold
                0x20000408        0x4 /home/ryofac/.pico-sdk/toolchain/14_2_Rel1/bin/../lib/gcc/arm-none-eabi/14.2.1/../../../../arm-none-eabi/lib/thumb/v6-m/nofp/libg.a(libc_a-mallocr.o)
                0x20000408                __malloc_trim_threshold
 *fill*         0x2000040c        0x4 
 .data.__malloc_av_
                0x20000410      0x408 /home/ryofac/.pico-sdk/toolchain/14_2_Rel1/bin/../lib/gcc/arm-none-eabi/14.2.1/../../../../arm-none-eabi/lib/thumb/v6-m/nofp/libg.a(libc_a-mallocr.o)
                0x20000410                __malloc_av_
 .data._impure_ptr
                0x20000818        0x4 /home/ryofac/.pico-sdk/toolchain/14_2_Rel1/bin/../lib/gcc/arm-none-eabi/14.2.1/../../../../arm-none-eabi/lib/thumb/v6-m/nofp/libg.a(libc_a-impure.o)
                0x20000818                _impure_ptr
 *fill*         0x2000081c        0x4 
 .data._impure_data
                0x20000820      0x140 /home/ryofac/.pico-sdk/toolchain/14_2_Rel1/bin/../lib/gcc/arm-none-eabi/14.2.1/../../../../arm-none-eabi/lib/thumb/v6-m/nofp/libg.a(libc_a-impure.o)
                0x20000820                _impure_data
                0x20000960                        . = ALIGN (0x4)
 *(.after_data.*)
                0x20000960                        . = ALIGN (0x4)
                0x20000960                        PROVIDE (__mutex_array_start = .)
 *(SORT_BY_NAME(.mutex_array.*))
 *(.mutex_array)
 .mutex_array   0x20000960        0x8 CMakeFiles/tosks.dir/home/ryofac/.pico-sdk/sdk/2.1.1/src/rp2_common/pico_malloc/malloc.c.o
 .mutex_array   0x20000968        0x8 CMakeFiles/tosks.dir/home/ryofac/.pico-sdk/sdk/2.1.1/src/rp2_common/pico_stdio/stdio.c.o
                0x20000970                        PROVIDE (__mutex_array_end = .)
                0x20000970                        . = ALIGN (0x4)
 *(.jcr)
                0x20000970                        . = ALIGN (0x4)

.tm_clone_table
                0x20000970        0x0 load address 0x10007c20
 .tm_clone_table
                0x20000970        0x0 /home/ryofac/.pico-sdk/toolchain/14_2_Rel1/bin/../lib/gcc/arm-none-eabi/14.2.1/thumb/v6-m/nofp/crtbegin.o
 .tm_clone_table
                0x20000970        0x0 /home/ryofac/.pico-sdk/toolchain/14_2_Rel1/bin/../lib/gcc/arm-none-eabi/14.2.1/thumb/v6-m/nofp/crtend.o

.igot.plt       0x20000970        0x0 load address 0x10007c20
 .igot.plt      0x20000970        0x0 /home/ryofac/.pico-sdk/toolchain/14_2_Rel1/bin/../lib/gcc/arm-none-eabi/14.2.1/thumb/v6-m/nofp/crtbegin.o

.tdata          0x20000970        0x0 load address 0x10007c20
                0x20000970                        . = ALIGN (0x4)
 *(.tdata .tdata.* .gnu.linkonce.td.*)
                0x20000970                        __tdata_end = .
                0x20000970                        PROVIDE (__data_end__ = .)
                0x10007370                        __etext = LOADADDR (.data)

.tbss           0x20000970        0x0 load address 0x10007c20
                0x20000970                        . = ALIGN (0x4)
                0x20000970                        __bss_start__ = .
                0x20000970                        __tls_base = .
 *(.tbss .tbss.* .gnu.linkonce.tb.*)
 *(.tcommon)
                0x20000970                        __tls_end = .

.bss            0x20000970    0x20a58 load address 0x10007c20
                0x20000970                        . = ALIGN (0x4)
                0x20000970                        __tbss_end = .
 *(SORT_BY_ALIGNMENT(SORT_BY_NAME(.bss*)))
 .bss.default_alarm_pool_entries
                0x20000970      0x180 CMakeFiles/tosks.dir/home/ryofac/.pico-sdk/sdk/2.1.1/src/common/pico_time/time.c.o
 .bss.sd_table  0x20000af0      0x100 CMakeFiles/tosks.dir/home/ryofac/.pico-sdk/sdk/2.1.1/src/rp2_common/pico_double/double_init_rom_rp2040.c.o
                0x20000af0                sd_table
 .bss.xQueueRegistry
                0x20000bf0       0x40 CMakeFiles/tosks.dir/home/ryofac/rtos/FreeRTOS/Source/queue.c.o
                0x20000bf0                xQueueRegistry
 .bss.__lock___malloc_recursive_mutex
                0x20000c30        0x1 /home/ryofac/.pico-sdk/toolchain/14_2_Rel1/bin/../lib/gcc/arm-none-eabi/14.2.1/../../../../arm-none-eabi/lib/thumb/v6-m/nofp/libg.a(libc_a-lock.o)
                0x20000c30                __lock___malloc_recursive_mutex
 *fill*         0x20000c31        0x3 
 .bss.__malloc_current_mallinfo
                0x20000c34       0x28 /home/ryofac/.pico-sdk/toolchain/14_2_Rel1/bin/../lib/gcc/arm-none-eabi/14.2.1/../../../../arm-none-eabi/lib/thumb/v6-m/nofp/libg.a(libc_a-mallocr.o)
                0x20000c34                __malloc_current_mallinfo
 .bss.__malloc_max_sbrked_mem
                0x20000c5c        0x4 /home/ryofac/.pico-sdk/toolchain/14_2_Rel1/bin/../lib/gcc/arm-none-eabi/14.2.1/../../../../arm-none-eabi/lib/thumb/v6-m/nofp/libg.a(libc_a-mallocr.o)
                0x20000c5c                __malloc_max_sbrked_mem
 .bss.__malloc_max_total_mem
                0x20000c60        0x4 /home/ryofac/.pico-sdk/toolchain/14_2_Rel1/bin/../lib/gcc/arm-none-eabi/14.2.1/../../../../arm-none-eabi/lib/thumb/v6-m/nofp/libg.a(libc_a-mallocr.o)
                0x20000c60                __malloc_max_total_mem
 .bss.__malloc_top_pad
                0x20000c64        0x4 /home/ryofac/.pico-sdk/toolchain/14_2_Rel1/bin/../lib/gcc/arm-none-eabi/14.2.1/../../../../arm-none-eabi/lib/thumb/v6-m/nofp/libg.a(libc_a-mallocr.o)
                0x20000c64                __malloc_top_pad
 .bss.__sf      0x20000c68      0x138 /home/ryofac/.pico-sdk/toolchain/14_2_Rel1/bin/../lib/gcc/arm-none-eabi/14.2.1/../../../../arm-none-eabi/lib/thumb/v6-m/nofp/libg.a(libc_a-findfp.o)
                0x20000c68                __sf
 .bss.boot2_copyout
                0x20000da0      0x100 CMakeFiles/tosks.dir/home/ryofac/.pico-sdk/sdk/2.1.1/src/rp2_common/hardware_flash/flash.c.o
 .bss.claimed   0x20000ea0        0x1 CMakeFiles/tosks.dir/home/ryofac/.pico-sdk/sdk/2.1.1/src/rp2_common/hardware_timer/timer.c.o
 *fill*         0x20000ea1        0x3 
 .bss.configured_freq
                0x20000ea4       0x28 CMakeFiles/tosks.dir/home/ryofac/.pico-sdk/sdk/2.1.1/src/rp2_common/hardware_clocks/clocks.c.o
 .bss.display   0x20000ecc       0x14 CMakeFiles/tosks.dir/lib/doglab/doglab.c.o
                0x20000ecc                display
 .bss.drivers   0x20000ee0        0x4 CMakeFiles/tosks.dir/home/ryofac/.pico-sdk/sdk/2.1.1/src/rp2_common/pico_stdio/stdio.c.o
 .bss.errno     0x20000ee4        0x4 /home/ryofac/.pico-sdk/toolchain/14_2_Rel1/bin/../lib/gcc/arm-none-eabi/14.2.1/../../../../arm-none-eabi/lib/thumb/v6-m/nofp/libg.a(libc_a-reent.o)
                0x20000ee4                errno
 .bss.filter    0x20000ee8        0x4 CMakeFiles/tosks.dir/home/ryofac/.pico-sdk/sdk/2.1.1/src/rp2_common/pico_stdio/stdio.c.o
 .bss.heap_end.0
                0x20000eec        0x4 CMakeFiles/tosks.dir/home/ryofac/.pico-sdk/sdk/2.1.1/src/rp2_common/pico_clib_interface/newlib_interface.c.o
 .bss.lazy_vsnprintf
                0x20000ef0        0x4 CMakeFiles/tosks.dir/home/ryofac/.pico-sdk/sdk/2.1.1/src/rp2_common/pico_printf/printf.c.o
 .bss.number_pressed
                0x20000ef4        0x4 CMakeFiles/tosks.dir/tosks.c.o
                0x20000ef4                number_pressed
 .bss.object.0  0x20000ef8       0x18 /home/ryofac/.pico-sdk/toolchain/14_2_Rel1/bin/../lib/gcc/arm-none-eabi/14.2.1/thumb/v6-m/nofp/crtbegin.o
 .bss.pools     0x20000f10       0x10 CMakeFiles/tosks.dir/home/ryofac/.pico-sdk/sdk/2.1.1/src/common/pico_time/time.c.o
 .bss.presses_queue
                0x20000f20        0x4 CMakeFiles/tosks.dir/tosks.c.o
                0x20000f20                presses_queue
 .bss.pxCurrentTCB
                0x20000f24        0x4 CMakeFiles/tosks.dir/home/ryofac/rtos/FreeRTOS/Source/tasks.c.o
                0x20000f24                pxCurrentTCB
 .bss.pxCurrentTimerList
                0x20000f28        0x4 CMakeFiles/tosks.dir/home/ryofac/rtos/FreeRTOS/Source/timers.c.o
 .bss.pxDelayedTaskList
                0x20000f2c        0x4 CMakeFiles/tosks.dir/home/ryofac/rtos/FreeRTOS/Source/tasks.c.o
 .bss.pxEnd     0x20000f30        0x4 CMakeFiles/tosks.dir/home/ryofac/rtos/FreeRTOS/Source/portable/MemMang/heap_4.c.o
 .bss.pxOverflowDelayedTaskList
                0x20000f34        0x4 CMakeFiles/tosks.dir/home/ryofac/rtos/FreeRTOS/Source/tasks.c.o
 .bss.pxOverflowTimerList
                0x20000f38        0x4 CMakeFiles/tosks.dir/home/ryofac/rtos/FreeRTOS/Source/timers.c.o
 .bss.pxReadyTasksLists
                0x20000f3c      0x280 CMakeFiles/tosks.dir/home/ryofac/rtos/FreeRTOS/Source/tasks.c.o
 .bss.pxYieldSpinLock
                0x200011bc        0x4 CMakeFiles/tosks.dir/home/ryofac/rtos/FreeRTOS/Source/portable/ThirdParty/GCC/RP2040/port.c.o
 .bss.retrieved_id
                0x200011c0        0x8 CMakeFiles/tosks.dir/home/ryofac/.pico-sdk/sdk/2.1.1/src/rp2_common/pico_unique_id/unique_id.c.o
 .bss.sf_clz_func
                0x200011c8        0x4 CMakeFiles/tosks.dir/home/ryofac/.pico-sdk/sdk/2.1.1/src/rp2_common/pico_double/double_init_rom_rp2040.c.o
                0x200011c8                sf_clz_func
 .bss.sf_table  0x200011cc      0x100 CMakeFiles/tosks.dir/home/ryofac/.pico-sdk/sdk/2.1.1/src/rp2_common/pico_float/float_init_rom_rp2040.c.o
                0x200011cc                sf_table
 .bss.sleep_notifier
                0x200012cc        0x4 CMakeFiles/tosks.dir/home/ryofac/.pico-sdk/sdk/2.1.1/src/common/pico_time/time.c.o
 .bss.ucHeap    0x200012d0    0x20000 CMakeFiles/tosks.dir/home/ryofac/rtos/FreeRTOS/Source/portable/MemMang/heap_4.c.o
 .bss.ulYieldSpinLockSaveValue
                0x200212d0        0x4 CMakeFiles/tosks.dir/home/ryofac/rtos/FreeRTOS/Source/portable/ThirdParty/GCC/RP2040/port.c.o
 .bss.uxCriticalNesting
                0x200212d4        0x4 CMakeFiles/tosks.dir/home/ryofac/rtos/FreeRTOS/Source/portable/ThirdParty/GCC/RP2040/port.c.o
 .bss.uxCurrentNumberOfTasks
                0x200212d8        0x4 CMakeFiles/tosks.dir/home/ryofac/rtos/FreeRTOS/Source/tasks.c.o
 .bss.uxDeletedTasksWaitingCleanUp
                0x200212dc        0x4 CMakeFiles/tosks.dir/home/ryofac/rtos/FreeRTOS/Source/tasks.c.o
 .bss.uxSchedulerSuspended
                0x200212e0        0x4 CMakeFiles/tosks.dir/home/ryofac/rtos/FreeRTOS/Source/tasks.c.o
 .bss.uxTaskNumber
                0x200212e4        0x4 CMakeFiles/tosks.dir/home/ryofac/rtos/FreeRTOS/Source/tasks.c.o
 .bss.uxTopReadyPriority
                0x200212e8        0x4 CMakeFiles/tosks.dir/home/ryofac/rtos/FreeRTOS/Source/tasks.c.o
 .bss.xActiveTimerList1
                0x200212ec       0x14 CMakeFiles/tosks.dir/home/ryofac/rtos/FreeRTOS/Source/timers.c.o
 .bss.xActiveTimerList2
                0x20021300       0x14 CMakeFiles/tosks.dir/home/ryofac/rtos/FreeRTOS/Source/timers.c.o
 .bss.xDelayedTaskList1
                0x20021314       0x14 CMakeFiles/tosks.dir/home/ryofac/rtos/FreeRTOS/Source/tasks.c.o
 .bss.xDelayedTaskList2
                0x20021328       0x14 CMakeFiles/tosks.dir/home/ryofac/rtos/FreeRTOS/Source/tasks.c.o
 .bss.xEventGroup
                0x2002133c        0x4 CMakeFiles/tosks.dir/home/ryofac/rtos/FreeRTOS/Source/portable/ThirdParty/GCC/RP2040/port.c.o
 .bss.xFreeBytesRemaining
                0x20021340        0x4 CMakeFiles/tosks.dir/home/ryofac/rtos/FreeRTOS/Source/portable/MemMang/heap_4.c.o
 .bss.xIdleTaskHandle
                0x20021344        0x4 CMakeFiles/tosks.dir/home/ryofac/rtos/FreeRTOS/Source/tasks.c.o
 .bss.xLastTime.0
                0x20021348        0x4 CMakeFiles/tosks.dir/home/ryofac/rtos/FreeRTOS/Source/timers.c.o
 .bss.xMinimumEverFreeBytesRemaining
                0x2002134c        0x4 CMakeFiles/tosks.dir/home/ryofac/rtos/FreeRTOS/Source/portable/MemMang/heap_4.c.o
 .bss.xNextTaskUnblockTime
                0x20021350        0x4 CMakeFiles/tosks.dir/home/ryofac/rtos/FreeRTOS/Source/tasks.c.o
 .bss.xNumOfOverflows
                0x20021354        0x4 CMakeFiles/tosks.dir/home/ryofac/rtos/FreeRTOS/Source/tasks.c.o
 .bss.xNumberOfSuccessfulAllocations
                0x20021358        0x4 CMakeFiles/tosks.dir/home/ryofac/rtos/FreeRTOS/Source/portable/MemMang/heap_4.c.o
 .bss.xNumberOfSuccessfulFrees
                0x2002135c        0x4 CMakeFiles/tosks.dir/home/ryofac/rtos/FreeRTOS/Source/portable/MemMang/heap_4.c.o
 .bss.xPendedTicks
                0x20021360        0x4 CMakeFiles/tosks.dir/home/ryofac/rtos/FreeRTOS/Source/tasks.c.o
 .bss.xPendingReadyList
                0x20021364       0x14 CMakeFiles/tosks.dir/home/ryofac/rtos/FreeRTOS/Source/tasks.c.o
 .bss.xSchedulerRunning
                0x20021378        0x4 CMakeFiles/tosks.dir/home/ryofac/rtos/FreeRTOS/Source/tasks.c.o
 .bss.xStart    0x2002137c        0x8 CMakeFiles/tosks.dir/home/ryofac/rtos/FreeRTOS/Source/portable/MemMang/heap_4.c.o
 .bss.xSuspendedTaskList
                0x20021384       0x14 CMakeFiles/tosks.dir/home/ryofac/rtos/FreeRTOS/Source/tasks.c.o
 .bss.xTasksWaitingTermination
                0x20021398       0x14 CMakeFiles/tosks.dir/home/ryofac/rtos/FreeRTOS/Source/tasks.c.o
 .bss.xTickCount
                0x200213ac        0x4 CMakeFiles/tosks.dir/home/ryofac/rtos/FreeRTOS/Source/tasks.c.o
 .bss.xTimerQueue
                0x200213b0        0x4 CMakeFiles/tosks.dir/home/ryofac/rtos/FreeRTOS/Source/timers.c.o
 .bss.xTimerTaskHandle
                0x200213b4        0x4 CMakeFiles/tosks.dir/home/ryofac/rtos/FreeRTOS/Source/timers.c.o
 .bss.xYieldPending
                0x200213b8        0x4 CMakeFiles/tosks.dir/home/ryofac/rtos/FreeRTOS/Source/tasks.c.o
 .bss.x_pos_text
                0x200213bc        0x4 CMakeFiles/tosks.dir/modules/display/display.c.o
                0x200213bc                x_pos_text
 .bss.y_pos_text
                0x200213c0        0x4 CMakeFiles/tosks.dir/modules/display/display.c.o
                0x200213c0                y_pos_text
 .bss.boot2_copyout_valid
                0x200213c4        0x1 CMakeFiles/tosks.dir/home/ryofac/.pico-sdk/sdk/2.1.1/src/rp2_common/hardware_flash/flash.c.o
 *(COMMON)
                0x200213c8                        . = ALIGN (0x4)
 *fill*         0x200213c5        0x3 
                0x200213c8                        __bss_end__ = .

.heap           0x200213c8      0x800 load address 0x10007c20
                0x200213c8                        __end__ = .
                0x200213c8                        end = __end__
 *(.heap*)
 .heap          0x200213c8      0x800 CMakeFiles/tosks.dir/home/ryofac/.pico-sdk/sdk/2.1.1/src/rp2_common/pico_crt0/crt0.S.o
                0x20040000                        __HeapLimit = (ORIGIN (RAM) + LENGTH (RAM))

.scratch_x      0x20040000        0x0 load address 0x10007c20
                0x20040000                        __scratch_x_start__ = .
 *(.scratch_x.*)
                0x20040000                        . = ALIGN (0x4)
                0x20040000                        __scratch_x_end__ = .
                0x10007c20                        __scratch_x_source__ = LOADADDR (.scratch_x)

.scratch_y      0x20041000        0x0 load address 0x10007c20
                0x20041000                        __scratch_y_start__ = .
 *(.scratch_y.*)
                0x20041000                        . = ALIGN (0x4)
                0x20041000                        __scratch_y_end__ = .
                0x10007c20                        __scratch_y_source__ = LOADADDR (.scratch_y)

.stack1_dummy
 *(.stack1*)

.stack_dummy    0x20041000      0x800
 *(.stack*)
 .stack         0x20041000      0x800 CMakeFiles/tosks.dir/home/ryofac/.pico-sdk/sdk/2.1.1/src/rp2_common/pico_crt0/crt0.S.o

.flash_end      0x10007c20        0x0
 *(.embedded_end_block*)
                0x10007c20                        PROVIDE (__flash_binary_end = .)
                0x20040000                        __StackLimit = (ORIGIN (RAM) + LENGTH (RAM))
                0x20041000                        __StackOneTop = (ORIGIN (SCRATCH_X) + LENGTH (SCRATCH_X))
                0x20042000                        __StackTop = (ORIGIN (SCRATCH_Y) + LENGTH (SCRATCH_Y))
                0x20041000                        __StackOneBottom = (__StackOneTop - SIZEOF (.stack1_dummy))
                0x20041800                        __StackBottom = (__StackTop - SIZEOF (.stack_dummy))
                0x20042000                        PROVIDE (__stack = __StackTop)
                [!provide]                        PROVIDE (__heap_start = __end__)
                [!provide]                        PROVIDE (__heap_end = __HeapLimit)
                [!provide]                        PROVIDE (__tls_align = MAX (ALIGNOF (.tdata), ALIGNOF (.tbss)))
                [!provide]                        PROVIDE (__tls_size_align = (((__tls_size + __tls_align) - 0x1) & ~ ((__tls_align - 0x1))))
                [!provide]                        PROVIDE (__arm32_tls_tcb_offset = MAX (0x8, __tls_align))
                [!provide]                        PROVIDE (_end = __end__)
                [!provide]                        PROVIDE (__llvm_libc_heap_limit = __HeapLimit)
                0x00000001                        ASSERT ((__StackLimit >= __HeapLimit), region RAM overflowed)
                0x00000001                        ASSERT (((__binary_info_header_end - __logical_binary_start) <= 0x100), Binary info must be in first 256 bytes of the binary)
LOAD CMakeFiles/tosks.dir/tosks.c.o
LOAD CMakeFiles/tosks.dir/lib/pico-ssd1306/ssd1306.c.o
LOAD CMakeFiles/tosks.dir/lib/doglab/doglab.c.o
LOAD CMakeFiles/tosks.dir/modules/display/display.c.o
LOAD CMakeFiles/tosks.dir/home/ryofac/.pico-sdk/sdk/2.1.1/src/rp2_common/pico_stdlib/stdlib.c.o
LOAD CMakeFiles/tosks.dir/home/ryofac/.pico-sdk/sdk/2.1.1/src/rp2_common/hardware_gpio/gpio.c.o
LOAD CMakeFiles/tosks.dir/home/ryofac/.pico-sdk/sdk/2.1.1/src/rp2040/pico_platform/platform.c.o
LOAD CMakeFiles/tosks.dir/home/ryofac/.pico-sdk/sdk/2.1.1/src/rp2_common/pico_platform_panic/panic.c.o
LOAD CMakeFiles/tosks.dir/home/ryofac/.pico-sdk/sdk/2.1.1/src/common/hardware_claim/claim.c.o
LOAD CMakeFiles/tosks.dir/home/ryofac/.pico-sdk/sdk/2.1.1/src/rp2_common/hardware_sync/sync.c.o
LOAD CMakeFiles/tosks.dir/home/ryofac/.pico-sdk/sdk/2.1.1/src/rp2_common/hardware_sync_spin_lock/sync_spin_lock.c.o
LOAD CMakeFiles/tosks.dir/home/ryofac/.pico-sdk/sdk/2.1.1/src/rp2_common/hardware_irq/irq.c.o
LOAD CMakeFiles/tosks.dir/home/ryofac/.pico-sdk/sdk/2.1.1/src/rp2_common/hardware_irq/irq_handler_chain.S.o
LOAD CMakeFiles/tosks.dir/home/ryofac/.pico-sdk/sdk/2.1.1/src/common/pico_sync/sem.c.o
LOAD CMakeFiles/tosks.dir/home/ryofac/.pico-sdk/sdk/2.1.1/src/common/pico_sync/lock_core.c.o
LOAD CMakeFiles/tosks.dir/home/ryofac/.pico-sdk/sdk/2.1.1/src/common/pico_sync/mutex.c.o
LOAD CMakeFiles/tosks.dir/home/ryofac/.pico-sdk/sdk/2.1.1/src/common/pico_sync/critical_section.c.o
LOAD CMakeFiles/tosks.dir/home/ryofac/.pico-sdk/sdk/2.1.1/src/common/pico_time/time.c.o
LOAD CMakeFiles/tosks.dir/home/ryofac/.pico-sdk/sdk/2.1.1/src/common/pico_time/timeout_helper.c.o
LOAD CMakeFiles/tosks.dir/home/ryofac/.pico-sdk/sdk/2.1.1/src/rp2_common/hardware_timer/timer.c.o
LOAD CMakeFiles/tosks.dir/home/ryofac/.pico-sdk/sdk/2.1.1/src/common/pico_util/datetime.c.o
LOAD CMakeFiles/tosks.dir/home/ryofac/.pico-sdk/sdk/2.1.1/src/common/pico_util/pheap.c.o
LOAD CMakeFiles/tosks.dir/home/ryofac/.pico-sdk/sdk/2.1.1/src/common/pico_util/queue.c.o
LOAD CMakeFiles/tosks.dir/home/ryofac/.pico-sdk/sdk/2.1.1/src/rp2_common/hardware_uart/uart.c.o
LOAD CMakeFiles/tosks.dir/home/ryofac/.pico-sdk/sdk/2.1.1/src/rp2_common/hardware_clocks/clocks.c.o
LOAD CMakeFiles/tosks.dir/home/ryofac/.pico-sdk/sdk/2.1.1/src/rp2_common/hardware_pll/pll.c.o
LOAD CMakeFiles/tosks.dir/home/ryofac/.pico-sdk/sdk/2.1.1/src/rp2_common/hardware_vreg/vreg.c.o
LOAD CMakeFiles/tosks.dir/home/ryofac/.pico-sdk/sdk/2.1.1/src/rp2_common/hardware_watchdog/watchdog.c.o
LOAD CMakeFiles/tosks.dir/home/ryofac/.pico-sdk/sdk/2.1.1/src/rp2_common/hardware_ticks/ticks.c.o
LOAD CMakeFiles/tosks.dir/home/ryofac/.pico-sdk/sdk/2.1.1/src/rp2_common/pico_bootrom/bootrom.c.o
LOAD CMakeFiles/tosks.dir/home/ryofac/.pico-sdk/sdk/2.1.1/src/rp2_common/pico_bootrom/bootrom_lock.c.o
LOAD CMakeFiles/tosks.dir/home/ryofac/.pico-sdk/sdk/2.1.1/src/rp2_common/hardware_boot_lock/boot_lock.c.o
LOAD CMakeFiles/tosks.dir/home/ryofac/.pico-sdk/sdk/2.1.1/src/rp2_common/pico_flash/flash.c.o
LOAD CMakeFiles/tosks.dir/home/ryofac/.pico-sdk/sdk/2.1.1/src/rp2_common/hardware_xosc/xosc.c.o
LOAD CMakeFiles/tosks.dir/home/ryofac/.pico-sdk/sdk/2.1.1/src/rp2_common/hardware_divider/divider.S.o
LOAD CMakeFiles/tosks.dir/home/ryofac/.pico-sdk/sdk/2.1.1/src/rp2_common/pico_runtime/runtime.c.o
LOAD CMakeFiles/tosks.dir/home/ryofac/.pico-sdk/sdk/2.1.1/src/rp2_common/pico_runtime_init/runtime_init.c.o
LOAD CMakeFiles/tosks.dir/home/ryofac/.pico-sdk/sdk/2.1.1/src/rp2_common/pico_runtime_init/runtime_init_clocks.c.o
LOAD CMakeFiles/tosks.dir/home/ryofac/.pico-sdk/sdk/2.1.1/src/rp2_common/pico_runtime_init/runtime_init_stack_guard.c.o
LOAD CMakeFiles/tosks.dir/home/ryofac/.pico-sdk/sdk/2.1.1/src/rp2_common/pico_bit_ops/bit_ops_aeabi.S.o
LOAD CMakeFiles/tosks.dir/home/ryofac/.pico-sdk/sdk/2.1.1/src/rp2_common/pico_divider/divider_hardware.S.o
LOAD CMakeFiles/tosks.dir/home/ryofac/.pico-sdk/sdk/2.1.1/src/rp2_common/pico_double/double_aeabi_rp2040.S.o
LOAD CMakeFiles/tosks.dir/home/ryofac/.pico-sdk/sdk/2.1.1/src/rp2_common/pico_double/double_init_rom_rp2040.c.o
LOAD CMakeFiles/tosks.dir/home/ryofac/.pico-sdk/sdk/2.1.1/src/rp2_common/pico_double/double_math.c.o
LOAD CMakeFiles/tosks.dir/home/ryofac/.pico-sdk/sdk/2.1.1/src/rp2_common/pico_double/double_v1_rom_shim_rp2040.S.o
LOAD CMakeFiles/tosks.dir/home/ryofac/.pico-sdk/sdk/2.1.1/src/rp2_common/pico_int64_ops/pico_int64_ops_aeabi.S.o
LOAD CMakeFiles/tosks.dir/home/ryofac/.pico-sdk/sdk/2.1.1/src/rp2_common/pico_float/float_aeabi_rp2040.S.o
LOAD CMakeFiles/tosks.dir/home/ryofac/.pico-sdk/sdk/2.1.1/src/rp2_common/pico_float/float_init_rom_rp2040.c.o
LOAD CMakeFiles/tosks.dir/home/ryofac/.pico-sdk/sdk/2.1.1/src/rp2_common/pico_float/float_math.c.o
LOAD CMakeFiles/tosks.dir/home/ryofac/.pico-sdk/sdk/2.1.1/src/rp2_common/pico_float/float_v1_rom_shim_rp2040.S.o
LOAD CMakeFiles/tosks.dir/home/ryofac/.pico-sdk/sdk/2.1.1/src/rp2_common/pico_malloc/malloc.c.o
LOAD CMakeFiles/tosks.dir/home/ryofac/.pico-sdk/sdk/2.1.1/src/rp2_common/pico_mem_ops/mem_ops_aeabi.S.o
LOAD CMakeFiles/tosks.dir/home/ryofac/.pico-sdk/sdk/2.1.1/src/rp2_common/pico_atomic/atomic.c.o
LOAD CMakeFiles/tosks.dir/home/ryofac/.pico-sdk/sdk/2.1.1/src/rp2_common/pico_cxx_options/new_delete.cpp.o
LOAD CMakeFiles/tosks.dir/home/ryofac/.pico-sdk/sdk/2.1.1/src/rp2_common/pico_standard_binary_info/standard_binary_info.c.o
LOAD CMakeFiles/tosks.dir/home/ryofac/.pico-sdk/sdk/2.1.1/src/rp2_common/pico_printf/printf.c.o
LOAD CMakeFiles/tosks.dir/home/ryofac/.pico-sdk/sdk/2.1.1/src/rp2_common/pico_crt0/crt0.S.o
LOAD CMakeFiles/tosks.dir/home/ryofac/.pico-sdk/sdk/2.1.1/src/rp2_common/pico_clib_interface/newlib_interface.c.o
LOAD CMakeFiles/tosks.dir/home/ryofac/.pico-sdk/sdk/2.1.1/src/rp2_common/pico_stdio/stdio.c.o
LOAD CMakeFiles/tosks.dir/home/ryofac/.pico-sdk/sdk/2.1.1/src/rp2_common/hardware_spi/spi.c.o
LOAD CMakeFiles/tosks.dir/home/ryofac/.pico-sdk/sdk/2.1.1/src/rp2_common/hardware_i2c/i2c.c.o
LOAD CMakeFiles/tosks.dir/home/ryofac/.pico-sdk/sdk/2.1.1/src/rp2_common/hardware_adc/adc.c.o
LOAD CMakeFiles/tosks.dir/home/ryofac/rtos/FreeRTOS/Source/portable/ThirdParty/GCC/RP2040/port.c.o
LOAD CMakeFiles/tosks.dir/home/ryofac/rtos/FreeRTOS/Source/croutine.c.o
LOAD CMakeFiles/tosks.dir/home/ryofac/rtos/FreeRTOS/Source/event_groups.c.o
LOAD CMakeFiles/tosks.dir/home/ryofac/rtos/FreeRTOS/Source/list.c.o
LOAD CMakeFiles/tosks.dir/home/ryofac/rtos/FreeRTOS/Source/queue.c.o
LOAD CMakeFiles/tosks.dir/home/ryofac/rtos/FreeRTOS/Source/stream_buffer.c.o
LOAD CMakeFiles/tosks.dir/home/ryofac/rtos/FreeRTOS/Source/tasks.c.o
LOAD CMakeFiles/tosks.dir/home/ryofac/rtos/FreeRTOS/Source/timers.c.o
LOAD CMakeFiles/tosks.dir/home/ryofac/.pico-sdk/sdk/2.1.1/src/rp2_common/hardware_exception/exception.c.o
LOAD CMakeFiles/tosks.dir/home/ryofac/rtos/FreeRTOS/Source/portable/MemMang/heap_4.c.o
LOAD CMakeFiles/tosks.dir/home/ryofac/.pico-sdk/sdk/2.1.1/src/rp2_common/pico_lwip/lwip_nosys.c.o
LOAD CMakeFiles/tosks.dir/home/ryofac/.pico-sdk/sdk/2.1.1/src/rp2_common/pico_async_context/async_context_base.c.o
LOAD CMakeFiles/tosks.dir/home/ryofac/.pico-sdk/sdk/2.1.1/src/rp2_common/pico_rand/rand.c.o
LOAD CMakeFiles/tosks.dir/home/ryofac/.pico-sdk/sdk/2.1.1/src/rp2_common/pico_unique_id/unique_id.c.o
LOAD CMakeFiles/tosks.dir/home/ryofac/.pico-sdk/sdk/2.1.1/src/rp2_common/hardware_flash/flash.c.o
LOAD CMakeFiles/tosks.dir/home/ryofac/.pico-sdk/sdk/2.1.1/src/rp2_common/hardware_xip_cache/xip_cache.c.o
LOAD CMakeFiles/tosks.dir/home/ryofac/.pico-sdk/sdk/2.1.1/lib/lwip/src/core/init.c.o
LOAD CMakeFiles/tosks.dir/home/ryofac/.pico-sdk/sdk/2.1.1/lib/lwip/src/core/def.c.o
LOAD CMakeFiles/tosks.dir/home/ryofac/.pico-sdk/sdk/2.1.1/lib/lwip/src/core/dns.c.o
LOAD CMakeFiles/tosks.dir/home/ryofac/.pico-sdk/sdk/2.1.1/lib/lwip/src/core/inet_chksum.c.o
LOAD CMakeFiles/tosks.dir/home/ryofac/.pico-sdk/sdk/2.1.1/lib/lwip/src/core/ip.c.o
LOAD CMakeFiles/tosks.dir/home/ryofac/.pico-sdk/sdk/2.1.1/lib/lwip/src/core/mem.c.o
LOAD CMakeFiles/tosks.dir/home/ryofac/.pico-sdk/sdk/2.1.1/lib/lwip/src/core/memp.c.o
LOAD CMakeFiles/tosks.dir/home/ryofac/.pico-sdk/sdk/2.1.1/lib/lwip/src/core/netif.c.o
LOAD CMakeFiles/tosks.dir/home/ryofac/.pico-sdk/sdk/2.1.1/lib/lwip/src/core/pbuf.c.o
LOAD CMakeFiles/tosks.dir/home/ryofac/.pico-sdk/sdk/2.1.1/lib/lwip/src/core/raw.c.o
LOAD CMakeFiles/tosks.dir/home/ryofac/.pico-sdk/sdk/2.1.1/lib/lwip/src/core/stats.c.o
LOAD CMakeFiles/tosks.dir/home/ryofac/.pico-sdk/sdk/2.1.1/lib/lwip/src/core/sys.c.o
LOAD CMakeFiles/tosks.dir/home/ryofac/.pico-sdk/sdk/2.1.1/lib/lwip/src/core/altcp.c.o
LOAD CMakeFiles/tosks.dir/home/ryofac/.pico-sdk/sdk/2.1.1/lib/lwip/src/core/altcp_alloc.c.o
LOAD CMakeFiles/tosks.dir/home/ryofac/.pico-sdk/sdk/2.1.1/lib/lwip/src/core/altcp_tcp.c.o
LOAD CMakeFiles/tosks.dir/home/ryofac/.pico-sdk/sdk/2.1.1/lib/lwip/src/core/tcp.c.o
LOAD CMakeFiles/tosks.dir/home/ryofac/.pico-sdk/sdk/2.1.1/lib/lwip/src/core/tcp_in.c.o
LOAD CMakeFiles/tosks.dir/home/ryofac/.pico-sdk/sdk/2.1.1/lib/lwip/src/core/tcp_out.c.o
LOAD CMakeFiles/tosks.dir/home/ryofac/.pico-sdk/sdk/2.1.1/lib/lwip/src/core/timeouts.c.o
LOAD CMakeFiles/tosks.dir/home/ryofac/.pico-sdk/sdk/2.1.1/lib/lwip/src/core/udp.c.o
LOAD CMakeFiles/tosks.dir/home/ryofac/.pico-sdk/sdk/2.1.1/lib/lwip/src/core/ipv4/autoip.c.o
LOAD CMakeFiles/tosks.dir/home/ryofac/.pico-sdk/sdk/2.1.1/lib/lwip/src/core/ipv4/dhcp.c.o
LOAD CMakeFiles/tosks.dir/home/ryofac/.pico-sdk/sdk/2.1.1/lib/lwip/src/core/ipv4/etharp.c.o
LOAD CMakeFiles/tosks.dir/home/ryofac/.pico-sdk/sdk/2.1.1/lib/lwip/src/core/ipv4/icmp.c.o
LOAD CMakeFiles/tosks.dir/home/ryofac/.pico-sdk/sdk/2.1.1/lib/lwip/src/core/ipv4/igmp.c.o
LOAD CMakeFiles/tosks.dir/home/ryofac/.pico-sdk/sdk/2.1.1/lib/lwip/src/core/ipv4/ip4_frag.c.o
LOAD CMakeFiles/tosks.dir/home/ryofac/.pico-sdk/sdk/2.1.1/lib/lwip/src/core/ipv4/ip4.c.o
LOAD CMakeFiles/tosks.dir/home/ryofac/.pico-sdk/sdk/2.1.1/lib/lwip/src/core/ipv4/ip4_addr.c.o
LOAD CMakeFiles/tosks.dir/home/ryofac/.pico-sdk/sdk/2.1.1/lib/lwip/src/core/ipv4/acd.c.o
LOAD CMakeFiles/tosks.dir/home/ryofac/.pico-sdk/sdk/2.1.1/lib/lwip/src/core/ipv6/dhcp6.c.o
LOAD CMakeFiles/tosks.dir/home/ryofac/.pico-sdk/sdk/2.1.1/lib/lwip/src/core/ipv6/ethip6.c.o
LOAD CMakeFiles/tosks.dir/home/ryofac/.pico-sdk/sdk/2.1.1/lib/lwip/src/core/ipv6/icmp6.c.o
LOAD CMakeFiles/tosks.dir/home/ryofac/.pico-sdk/sdk/2.1.1/lib/lwip/src/core/ipv6/inet6.c.o
LOAD CMakeFiles/tosks.dir/home/ryofac/.pico-sdk/sdk/2.1.1/lib/lwip/src/core/ipv6/ip6.c.o
LOAD CMakeFiles/tosks.dir/home/ryofac/.pico-sdk/sdk/2.1.1/lib/lwip/src/core/ipv6/ip6_addr.c.o
LOAD CMakeFiles/tosks.dir/home/ryofac/.pico-sdk/sdk/2.1.1/lib/lwip/src/core/ipv6/ip6_frag.c.o
LOAD CMakeFiles/tosks.dir/home/ryofac/.pico-sdk/sdk/2.1.1/lib/lwip/src/core/ipv6/mld6.c.o
LOAD CMakeFiles/tosks.dir/home/ryofac/.pico-sdk/sdk/2.1.1/lib/lwip/src/core/ipv6/nd6.c.o
LOAD CMakeFiles/tosks.dir/home/ryofac/.pico-sdk/sdk/2.1.1/lib/lwip/src/api/api_lib.c.o
LOAD CMakeFiles/tosks.dir/home/ryofac/.pico-sdk/sdk/2.1.1/lib/lwip/src/api/api_msg.c.o
LOAD CMakeFiles/tosks.dir/home/ryofac/.pico-sdk/sdk/2.1.1/lib/lwip/src/api/err.c.o
LOAD CMakeFiles/tosks.dir/home/ryofac/.pico-sdk/sdk/2.1.1/lib/lwip/src/api/if_api.c.o
LOAD CMakeFiles/tosks.dir/home/ryofac/.pico-sdk/sdk/2.1.1/lib/lwip/src/api/netbuf.c.o
LOAD CMakeFiles/tosks.dir/home/ryofac/.pico-sdk/sdk/2.1.1/lib/lwip/src/api/netdb.c.o
LOAD CMakeFiles/tosks.dir/home/ryofac/.pico-sdk/sdk/2.1.1/lib/lwip/src/api/netifapi.c.o
LOAD CMakeFiles/tosks.dir/home/ryofac/.pico-sdk/sdk/2.1.1/lib/lwip/src/api/sockets.c.o
LOAD CMakeFiles/tosks.dir/home/ryofac/.pico-sdk/sdk/2.1.1/lib/lwip/src/api/tcpip.c.o
LOAD CMakeFiles/tosks.dir/home/ryofac/.pico-sdk/sdk/2.1.1/lib/lwip/src/netif/ethernet.c.o
LOAD CMakeFiles/tosks.dir/home/ryofac/.pico-sdk/sdk/2.1.1/lib/lwip/src/netif/bridgeif.c.o
LOAD CMakeFiles/tosks.dir/home/ryofac/.pico-sdk/sdk/2.1.1/lib/lwip/src/netif/bridgeif_fdb.c.o
LOAD CMakeFiles/tosks.dir/home/ryofac/.pico-sdk/sdk/2.1.1/lib/lwip/src/netif/slipif.c.o
LOAD CMakeFiles/tosks.dir/home/ryofac/.pico-sdk/sdk/2.1.1/lib/lwip/src/netif/lowpan6_common.c.o
LOAD CMakeFiles/tosks.dir/home/ryofac/.pico-sdk/sdk/2.1.1/lib/lwip/src/netif/lowpan6.c.o
LOAD CMakeFiles/tosks.dir/home/ryofac/.pico-sdk/sdk/2.1.1/lib/lwip/src/netif/lowpan6_ble.c.o
LOAD CMakeFiles/tosks.dir/home/ryofac/.pico-sdk/sdk/2.1.1/lib/lwip/src/netif/zepif.c.o
LOAD CMakeFiles/tosks.dir/home/ryofac/.pico-sdk/sdk/2.1.1/lib/lwip/src/netif/ppp/auth.c.o
LOAD CMakeFiles/tosks.dir/home/ryofac/.pico-sdk/sdk/2.1.1/lib/lwip/src/netif/ppp/ccp.c.o
LOAD CMakeFiles/tosks.dir/home/ryofac/.pico-sdk/sdk/2.1.1/lib/lwip/src/netif/ppp/chap-md5.c.o
LOAD CMakeFiles/tosks.dir/home/ryofac/.pico-sdk/sdk/2.1.1/lib/lwip/src/netif/ppp/chap_ms.c.o
LOAD CMakeFiles/tosks.dir/home/ryofac/.pico-sdk/sdk/2.1.1/lib/lwip/src/netif/ppp/chap-new.c.o
LOAD CMakeFiles/tosks.dir/home/ryofac/.pico-sdk/sdk/2.1.1/lib/lwip/src/netif/ppp/demand.c.o
LOAD CMakeFiles/tosks.dir/home/ryofac/.pico-sdk/sdk/2.1.1/lib/lwip/src/netif/ppp/eap.c.o
LOAD CMakeFiles/tosks.dir/home/ryofac/.pico-sdk/sdk/2.1.1/lib/lwip/src/netif/ppp/ecp.c.o
LOAD CMakeFiles/tosks.dir/home/ryofac/.pico-sdk/sdk/2.1.1/lib/lwip/src/netif/ppp/eui64.c.o
LOAD CMakeFiles/tosks.dir/home/ryofac/.pico-sdk/sdk/2.1.1/lib/lwip/src/netif/ppp/fsm.c.o
LOAD CMakeFiles/tosks.dir/home/ryofac/.pico-sdk/sdk/2.1.1/lib/lwip/src/netif/ppp/ipcp.c.o
LOAD CMakeFiles/tosks.dir/home/ryofac/.pico-sdk/sdk/2.1.1/lib/lwip/src/netif/ppp/ipv6cp.c.o
LOAD CMakeFiles/tosks.dir/home/ryofac/.pico-sdk/sdk/2.1.1/lib/lwip/src/netif/ppp/lcp.c.o
LOAD CMakeFiles/tosks.dir/home/ryofac/.pico-sdk/sdk/2.1.1/lib/lwip/src/netif/ppp/magic.c.o
LOAD CMakeFiles/tosks.dir/home/ryofac/.pico-sdk/sdk/2.1.1/lib/lwip/src/netif/ppp/mppe.c.o
LOAD CMakeFiles/tosks.dir/home/ryofac/.pico-sdk/sdk/2.1.1/lib/lwip/src/netif/ppp/multilink.c.o
LOAD CMakeFiles/tosks.dir/home/ryofac/.pico-sdk/sdk/2.1.1/lib/lwip/src/netif/ppp/ppp.c.o
LOAD CMakeFiles/tosks.dir/home/ryofac/.pico-sdk/sdk/2.1.1/lib/lwip/src/netif/ppp/pppapi.c.o
LOAD CMakeFiles/tosks.dir/home/ryofac/.pico-sdk/sdk/2.1.1/lib/lwip/src/netif/ppp/pppcrypt.c.o
LOAD CMakeFiles/tosks.dir/home/ryofac/.pico-sdk/sdk/2.1.1/lib/lwip/src/netif/ppp/pppoe.c.o
LOAD CMakeFiles/tosks.dir/home/ryofac/.pico-sdk/sdk/2.1.1/lib/lwip/src/netif/ppp/pppol2tp.c.o
LOAD CMakeFiles/tosks.dir/home/ryofac/.pico-sdk/sdk/2.1.1/lib/lwip/src/netif/ppp/pppos.c.o
LOAD CMakeFiles/tosks.dir/home/ryofac/.pico-sdk/sdk/2.1.1/lib/lwip/src/netif/ppp/upap.c.o
LOAD CMakeFiles/tosks.dir/home/ryofac/.pico-sdk/sdk/2.1.1/lib/lwip/src/netif/ppp/utils.c.o
LOAD CMakeFiles/tosks.dir/home/ryofac/.pico-sdk/sdk/2.1.1/lib/lwip/src/netif/ppp/vj.c.o
LOAD CMakeFiles/tosks.dir/home/ryofac/.pico-sdk/sdk/2.1.1/lib/lwip/src/netif/ppp/polarssl/arc4.c.o
LOAD CMakeFiles/tosks.dir/home/ryofac/.pico-sdk/sdk/2.1.1/lib/lwip/src/netif/ppp/polarssl/des.c.o
LOAD CMakeFiles/tosks.dir/home/ryofac/.pico-sdk/sdk/2.1.1/lib/lwip/src/netif/ppp/polarssl/md4.c.o
LOAD CMakeFiles/tosks.dir/home/ryofac/.pico-sdk/sdk/2.1.1/lib/lwip/src/netif/ppp/polarssl/md5.c.o